
    -----------------------------------------------------------------------
          Psi4: An Open-Source Ab Initio Electronic Structure Package
                               Psi4 1.4a3.dev225 

                         Git: Rev {HEAD} 7105e37 


    D. G. A. Smith, L. A. Burns, A. C. Simmonett, R. M. Parrish,
    M. C. Schieber, R. Galvelis, P. Kraus, H. Kruse, R. Di Remigio,
    A. Alenaizan, A. M. James, S. Lehtola, J. P. Misiewicz, M. Scheurer,
    R. A. Shaw, J. B. Schriber, Y. Xie, Z. L. Glick, D. A. Sirianni,
    J. S. O'Brien, J. M. Waldrop, A. Kumar, E. G. Hohenstein,
    B. P. Pritchard, B. R. Brooks, H. F. Schaefer III, A. Yu. Sokolov,
    K. Patkowski, A. E. DePrince III, U. Bozkaya, R. A. King,
    F. A. Evangelista, J. M. Turney, T. D. Crawford, C. D. Sherrill,
    J. Chem. Phys. 152(18) 184108 (2020). https://doi.org/10.1063/5.0006002

                            Additional Code Authors
    E. T. Seidl, C. L. Janssen, E. F. Valeev, M. L. Leininger,
    J. F. Gonthier, R. M. Richard, H. R. McAlexander, M. Saitow, X. Wang,
    P. Verma, and M. H. Lechner

             Previous Authors, Complete List of Code Contributors,
                       and Citations for Specific Modules
    https://github.com/psi4/psi4/blob/master/codemeta.json
    https://github.com/psi4/psi4/graphs/contributors
    http://psicode.org/psi4manual/master/introduction.html#citing-psifour

    -----------------------------------------------------------------------


    Psi4 started on: Friday, 30 July 2021 07:33PM

    Process ID: 17834
    Host:       DESKTOP-SQPD2D3
    PSIDATADIR: /home/mhuang/psi4_install/share/psi4
    Memory:     500.0 MiB
    Threads:    1
    
  ==> Input File <==

--------------------------------------------------------------------------
#! Generated using commit GITCOMMIT
# GASSCF-DSRG-MRPT2 for core-excited singlet A1 state of H2O
# at most one electron occupies the core orbital

import forte

refscf = -76.0172965561
refgasscf = -56.291988402563831
refdsrg = -56.462802951195542

memory 1000mb
molecule h2o{
   O
   H  1 1.00
   H  1 1.00 2 103.1
}

set global {
  basis 6-31g**
  e_convergence 10
  d_convergence 10
  r_convergence 10
  guess gwh
  scf_type pk
  reference rhf
}

set scf_type direct
set forte {
  active_space_solver detci
  ms 0.0
  multiplicity 1
  root_sym 0
  charge 0
  active_ref_type gas
  GAS1 [1,0,0,0]
  GAS2 [3,0,1,2]
  GAS1MAX [1]
  GAS1MIN [0]
  job_type mcscf_two_step
  casscf_ci_solver detci
  casscf_maxiter 100
  casscf_e_convergence 10
  casscf_g_convergence 10
  casscf_micro_maxiter 4
  casscf_active_frozen_orbital [0]
}

escf, wfn = energy('scf', return_wfn=True)
egasscf, wfn_gasscf = energy('forte', ref_wfn=wfn, return_wfn=True)
compare_values(refgasscf, egasscf, 9, "GASSCF energy")

set forte {
  job_type newdriver
  correlation_solver sa-mrdsrg
  dsrg_s 1.0
}

edsrg = energy('forte', ref_wfn=wfn_gasscf)
compare_values(refdsrg, edsrg, 9, "GASSCF-DSRG-MRPT2 energy")
--------------------------------------------------------------------------

  Memory set to 953.674 MiB by Python driver.

Scratch directory: /tmp/

*** tstart() called on DESKTOP-SQPD2D3
*** at Fri Jul 30 19:33:43 2021

   => Loading Basis Set <=

    Name: 6-31G**
    Role: ORBITAL
    Keyword: BASIS
    atoms 1   entry O          line   149 file /home/mhuang/psi4_install/share/psi4/basis/6-31gss.gbs 
    atoms 2-3 entry H          line    44 file /home/mhuang/psi4_install/share/psi4/basis/6-31gss.gbs 


         ---------------------------------------------------------
                                   SCF
               by Justin Turney, Rob Parrish, Andy Simmonett
                          and Daniel G. A. Smith
                              RHF Reference
                        1 Threads,    953 MiB Core
         ---------------------------------------------------------

  ==> Geometry <==

    Molecular point group: c2v
    Full point group: C2v

    Geometry (in Angstrom), charge = 0, multiplicity = 1:

       Center              X                  Y                   Z               Mass       
    ------------   -----------------  -----------------  -----------------  -----------------
         O            0.000000000000     0.000000000000    -0.069592187400    15.994914619570
         H            0.000000000000    -0.783151105291     0.552239257834     1.007825032230
         H            0.000000000000     0.783151105291     0.552239257834     1.007825032230

  Running in c2v symmetry.

  Rotational constants: A =     24.35462  B =     13.63610  C =      8.74166 [cm^-1]
  Rotational constants: A = 730133.21529  B = 408800.04239  C = 262068.46393 [MHz]
  Nuclear repulsion =    8.804686653247025

  Charge       = 0
  Multiplicity = 1
  Electrons    = 10
  Nalpha       = 5
  Nbeta        = 5

  ==> Algorithm <==

  SCF Algorithm Type is DIRECT.
  DIIS enabled.
  MOM disabled.
  Fractional occupation disabled.
  Guess Type is GWH.
  Energy threshold   = 1.00e-10
  Density threshold  = 1.00e-10
  Integral threshold = 1.00e-12

  ==> Primary Basis <==

  Basis Set: 6-31G**
    Blend: 6-31G**
    Number of shells: 12
    Number of basis functions: 25
    Number of Cartesian functions: 25
    Spherical Harmonics?: false
    Max angular momentum: 2

   => Loading Basis Set <=

    Name: (6-31G** AUX)
    Role: JKFIT
    Keyword: DF_BASIS_SCF
    atoms 1   entry O          line   221 file /home/mhuang/psi4_install/share/psi4/basis/cc-pvdz-jkfit.gbs 
    atoms 2-3 entry H          line    51 file /home/mhuang/psi4_install/share/psi4/basis/cc-pvdz-jkfit.gbs 

  Starting with a DF guess...

  ==> Integral Setup <==

  DFHelper Memory: AOs need 0.001 GiB; user supplied 0.698 GiB. Using in-core AOs.

  ==> MemDFJK: Density-Fitted J/K Matrices <==

    J tasked:                   Yes
    K tasked:                   Yes
    wK tasked:                   No
    OpenMP threads:               1
    Memory [MiB]:               715
    Algorithm:                 Core
    Schwarz Cutoff:           1E-12
    Mask sparsity (%):       0.0000
    Fitting Condition:        1E-10

   => Auxiliary Basis Set <=

  Basis Set: (6-31G** AUX)
    Blend: CC-PVDZ-JKFIT
    Number of shells: 42
    Number of basis functions: 131
    Number of Cartesian functions: 131
    Spherical Harmonics?: false
    Max angular momentum: 3

  Minimum eigenvalue in the overlap matrix is 2.2571686435E-02.
  Reciprocal condition number of the overlap matrix is 5.1514795888E-03.
    Using symmetric orthogonalization.

  ==> Pre-Iterations <==

  SCF Guess: Generalized Wolfsberg-Helmholtz.

   -------------------------------------------------------
    Irrep   Nso     Nmo     Nalpha   Nbeta   Ndocc  Nsocc
   -------------------------------------------------------
     A1        12      12       3       3       3       0
     A2         2       2       0       0       0       0
     B1         4       4       1       1       1       0
     B2         7       7       1       1       1       0
   -------------------------------------------------------
    Total      25      25       5       5       5       0
   -------------------------------------------------------

  ==> Iterations <==

                           Total Energy        Delta E     RMS |[F,P]|

   @DF-RHF iter   1:   -74.69502194331272   -7.46950e+01   1.19380e-01 DIIS
   @DF-RHF iter   2:   -75.63883488359937   -9.43813e-01   7.21524e-02 DIIS
   @DF-RHF iter   3:   -76.01065330024090   -3.71818e-01   7.66497e-03 DIIS
   @DF-RHF iter   4:   -76.01705150838671   -6.39821e-03   1.07848e-03 DIIS
   @DF-RHF iter   5:   -76.01724771497813   -1.96207e-04   2.45196e-04 DIIS
   @DF-RHF iter   6:   -76.01725930217430   -1.15872e-05   5.17439e-05 DIIS
   @DF-RHF iter   7:   -76.01725996692369   -6.64749e-07   8.86755e-06 DIIS
   @DF-RHF iter   8:   -76.01725998300695   -1.60833e-08   1.68546e-06 DIIS
   @DF-RHF iter   9:   -76.01725998411048   -1.10353e-09   3.99731e-07 DIIS
   @DF-RHF iter  10:   -76.01725998416127   -5.07896e-11   4.32937e-08 DIIS
   @DF-RHF iter  11:   -76.01725998416163   -3.55271e-13   4.33252e-09 DIIS
   @DF-RHF iter  12:   -76.01725998416163    0.00000e+00   4.75419e-10 DIIS
   @DF-RHF iter  13:   -76.01725998416161    1.42109e-14   4.32044e-11 DIIS

  DF guess converged.

  ==> DirectJK: Integral-Direct J/K Matrices <==

    J tasked:                  Yes
    K tasked:                  Yes
    wK tasked:                  No
    Integrals threads:           1
    Schwarz Cutoff:          1E-12

   @RHF iter  14:   -76.01729654450102   -7.60173e+01   1.19915e-05 DIIS
   @RHF iter  15:   -76.01729655577877   -1.12777e-08   1.64017e-06 DIIS
   @RHF iter  16:   -76.01729655606734   -2.88566e-10   4.89639e-07 DIIS
   @RHF iter  17:   -76.01729655608837   -2.10321e-11   1.68507e-07 DIIS
   @RHF iter  18:   -76.01729655609128   -2.91323e-12   4.58642e-08 DIIS
   @RHF iter  19:   -76.01729655609164   -3.55271e-13   5.21060e-09 DIIS
   @RHF iter  20:   -76.01729655609159    4.26326e-14   7.84812e-10 DIIS
   @RHF iter  21:   -76.01729655609161   -1.42109e-14   1.27029e-10 DIIS
   @RHF iter  22:   -76.01729655609158    2.84217e-14   2.82300e-11 DIIS
  Energy and wave function converged.


  ==> Post-Iterations <==

    Orbital Energies [Eh]
    ---------------------

    Doubly Occupied:                                                      

       1A1   -20.569000     2A1    -1.320609     1B2    -0.678724  
       3A1    -0.563930     1B1    -0.495004  

    Virtual:                                                              

       4A1     0.202466     2B2     0.292719     3B2     0.981164  
       5A1     1.056318     6A1     1.129179     2B1     1.168639  
       4B2     1.294985     7A1     1.413596     1A2     1.802875  
       8A1     1.806916     3B1     1.918871     9A1     2.513249  
       5B2     2.537822     6B2     2.713577     2A2     2.921065  
       4B1     2.947486    10A1     3.291755    11A1     3.620730  
       7B2     3.874917    12A1     4.077740  

    Final Occupation by Irrep:
             A1    A2    B1    B2 
    DOCC [     3,    0,    1,    1 ]

  @RHF Final Energy:   -76.01729655609158

   => Energetics <=

    Nuclear Repulsion Energy =              8.8046866532470247
    One-Electron Energy =                -122.3894315645719217
    Two-Electron Energy =                  37.5674483552333101
    Total Energy =                        -76.0172965560915799

Computation Completed


Properties will be evaluated at   0.000000,   0.000000,   0.000000 [a0]

Properties computed using the SCF density matrix

  Nuclear Dipole Moment: [e a0]
     X:     0.0000      Y:     0.0000      Z:     1.0351

  Electronic Dipole Moment: [e a0]
     X:     0.0000      Y:     0.0000      Z:    -0.1532

  Dipole Moment: [e a0]
     X:     0.0000      Y:     0.0000      Z:     0.8819     Total:     0.8819

  Dipole Moment: [D]
     X:     0.0000      Y:     0.0000      Z:     2.2414     Total:     2.2414


*** tstop() called on DESKTOP-SQPD2D3 at Fri Jul 30 19:33:44 2021
Module time:
	user time   =       0.39 seconds =       0.01 minutes
	system time =       0.03 seconds =       0.00 minutes
	total time  =          1 seconds =       0.02 minutes
Total time:
	user time   =       0.39 seconds =       0.01 minutes
	system time =       0.03 seconds =       0.00 minutes
	total time  =          1 seconds =       0.02 minutes

Scratch directory: /tmp/

  Forte
  ----------------------------------------------------------------------------
  A suite of quantum chemistry methods for strongly correlated electrons

    git branch: HEAD - git commit: 546ee104

  Developed by:
    Francesco A. Evangelista, Chenyang Li, Kevin P. Hannon,
    Jeffrey B. Schriber, Tianyuan Zhang, Chenxi Cai,
    Nan He, Nicholas Stair, Shuhe Wang, Renke Huang
  ----------------------------------------------------------------------------

  Size of Determinant class: 128 bits

  Preparing forte objects from a Psi4 Wavefunction object
  Read options for space GAS1
  Read options for space GAS2
  Read options for space GAS1
  Read options for space GAS2

  ==> MO Space Information <==

  -------------------------------------------------
                       A1    A2    B1    B2   Sum
  -------------------------------------------------
    FROZEN_DOCC         0     0     0     0     0
    RESTRICTED_DOCC     0     0     0     0     0
    GAS1                1     0     0     0     1
    GAS2                3     0     1     2     6
    GAS3                0     0     0     0     0
    GAS4                0     0     0     0     0
    GAS5                0     0     0     0     0
    GAS6                0     0     0     0     0
    RESTRICTED_UOCC     8     2     3     5    18
    FROZEN_UOCC         0     0     0     0     0
    Total              12     2     4     7    25
  -------------------------------------------------   => Loading Basis Set <=

    Name: 6-31G**
    Role: ORBITAL
    Keyword: BASIS
    atoms 1   entry O          line   149 file /home/mhuang/psi4_install/share/psi4/basis/6-31gss.gbs 
    atoms 2-3 entry H          line    44 file /home/mhuang/psi4_install/share/psi4/basis/6-31gss.gbs 


  Checking orbital orthonormality against current geometry ... Done (OK)

   => Loading Basis Set <=

    Name: STO-3G
    Role: ORBITAL
    Keyword: MINAO_BASIS
    atoms 1   entry O          line    81 file /home/mhuang/psi4_install/share/psi4/basis/sto-3g.gbs 
    atoms 2-3 entry H          line    19 file /home/mhuang/psi4_install/share/psi4/basis/sto-3g.gbs 


  ==> List of Planes Requested <==

  Forte will use psi4 integrals

  ==> Primary Basis Set Summary <==

  Basis Set: 6-31G**
    Blend: 6-31G**
    Number of shells: 12
    Number of basis functions: 25
    Number of Cartesian functions: 25
    Spherical Harmonics?: false
    Max angular momentum: 2


  JK created using conventional PK integrals
  Using in-core PK algorithm.
   Calculation information:
      Number of atoms:                   3
      Number of AO shells:              12
      Number of primitives:             25
      Number of atomic orbitals:        25
      Number of basis functions:        25

      Integral cutoff                 1.00e-12
      Number of threads:                 1

  Performing in-core PK
  Using 105950 doubles for integral storage.
  We computed 3081 shell quartets total.
  Whereas there are 3081 unique shell quartets.

  ==> DiskJK: Disk-Based J/K Matrices <==

    J tasked:                  Yes
    K tasked:                  Yes
    wK tasked:                  No
    Memory [MiB]:              762
    Schwarz Cutoff:          1E-12

    OpenMP threads:              1



  ==> Integral Transformation <==

  Number of molecular orbitals:                         25
  Number of correlated molecular orbitals:              25
  Number of frozen occupied orbitals:                    0
  Number of frozen unoccupied orbitals:                  0
  Two-electron integral type:                 Conventional


  Skip integral allocation and transformation for AO-driven CASSCF.

          -----------------------------------------------------------
                  Multi-Configurational Self Consistent Field
                Two-Step Approximate Second-Order AO Algorithm
            written by Chenyang Li, Kevin P. Hannon, and Shuhe Wang
          -----------------------------------------------------------


  ==> Calculation Information <==

    Integral type                               CONVENTIONAL
    CI solver type                                     DETCI
    Final orbital type                             CANONICAL
    Derivative type                                     NONE
    Optimize orbitals                                   TRUE
    Include internal rotations                         FALSE
    Debug printing                                     FALSE
    Energy convergence                             1.000e-10
    Gradient convergence                           1.000e-10
    Max value for rotation                         5.000e-01
    Printing level                                         1
    Max number of macro iterations                       100
    Max number of micro iterations                         4
    Min number of micro iterations                         4
    DIIS start                                             2
    Min DIIS vectors                                       2
    Max DIIS vectors                                       8
    Frequency of DIIS extrapolation                        1


  ==> Independent Orbital Rotations <==

    ORBITAL SPACES                        A1     A2     B1     B2
    -------------------------------------------------------------
               GAS1 /            GAS2      0      0      0      0
             ACTIVE / RESTRICTED_DOCC      0      0      0      0
    RESTRICTED_UOCC /          ACTIVE     24      0      3     10
    RESTRICTED_UOCC / RESTRICTED_DOCC      0      0      0      0
    -------------------------------------------------------------

  ==> Summary of Active Space Solver Input <==

    Irrep.  Multi.(2ms)      N
    --------------------------
       A1      1  (  0)      1
    --------------------------
    N: number of roots
    ms: spin z component
    Total number of roots:   1
    --------------------------


  ==> General Determinant-Based CI Solver <==

  Number of active orbitals: 7
  Number of active alpha electrons: 5
  Number of active beta electrons: 5

  ==> GAS Orbital Energies from SCF <==

    GAS        Energy  Index
    ------------------------
     1   -20.56899957      0
     2    -1.32060927      1
     2    -0.56393045      2
     2     0.20246590      3
     2    -0.49500394      4
     2    -0.67872419      5
     2     0.29271934      6
    ------------------------

  ==> Number of Electrons in GAS <==

    GAS  MAX  MIN
    -------------
      1    1    0
      2   10    0
    -------------

  ==> Possible Electron Occupations in GAS <==

    Config.  1_A  1_B  2_A  2_B
    ---------------------------
         1     1    0    4    5
         2     0    1    5    4
         3     0    0    5    5
    ---------------------------
    n_A/B: # of alpha/beta electrons in GASn

  ==> Building GAS Determinants <==

    Config.  #Determinants     Time/s
    ---------------------------------
         1              27  8.250e-05
         2              27  4.920e-05
         3              14  2.760e-05
    ---------------------------------
    Total:              68  2.145e-04
    ---------------------------------
  Number of determinants (GAS): 68

  ==> Diagonalizing Hamiltonian Singlet (Ms = 0) A1 <==


  Davidson-Liu solver algorithm using SigmaVectorFull sigma algorithm

  Performing diagonalization of the H matrix
  Found 33 roots with 2S+1 = 1 *
  Found 31 roots with 2S+1 = 3
  Found 4 roots with 2S+1 = 5

  Done diagonalizing Hamiltonian, 1.310e-03 seconds.

  ==> Computing 1 Coupling Lists <==

        α          8.240e-05 seconds
        β          7.440e-05 seconds
  Time spent building 1-rdm: 3.350e-05 seconds

  ==> CI Vectors & Occupation Number for Singlet (Ms = 0) A1 <==

  Important determinants with coefficients |C| >= 5.000e-02

  ---- Root No. 0 ----

       A1 B1 B2    Coefficients
    ---------------------------
     a22b  2 20    0.6580403739
     b22a  2 20    0.6580403739
     b22a  2 ab    0.1614177704
     a22b  2 ba    0.1614177704
     a22b  2 ab    0.1366517340
     b22a  2 ba    0.1366517340
     a2b2  2 20   -0.1074224714
     b2a2  2 20   -0.1074224714
     ab22  2 20   -0.0879376122
     ba22  2 20   -0.0879376122
    ---------------------------

    Occupation Numbers:
        1B1   1.99999597    2A1   1.98327666    3A1   1.97442492    1B2   1.90417155
        4A1   1.04115993    1A1   0.99995265    2B2   0.09701833

    Total Energy:  -55.841944166828732

  ==> Permanent Dipole Moments [e a0] for Singlet (Ms = 0) A1 <==

       State           DM_X           DM_Y           DM_Z           |DM|
    --------------------------------------------------------------------
         0A1     0.00000000     0.00000000    -0.09659764     0.09659764
    --------------------------------------------------------------------

  ==> Energy Summary <==

    Multi.(2ms)  Irrep.  No.               Energy      <S^2>
    --------------------------------------------------------
       1  (  0)    A1     0      -55.841944166829       n/a
    --------------------------------------------------------

  ==> Computing 2 Coupling Lists <==

        αα         1.286e-04 seconds
        ββ         1.288e-04 seconds
        αβ         3.266e-04 seconds
  Time spent building 2-rdm: 5.510e-05 seconds

  ==> Optimizing Orbitals for Current RDMs <==

  L-BFGS Iter:  1; fx =  -56.241261792583167; g_norm = 5.741766e-01; step = 6.364e-01
  L-BFGS Iter:  2; fx =  -56.267176775518756; g_norm = 1.405230e-01; step = 1.000e+00
  L-BFGS Iter:  3; fx =  -56.268020072276123; g_norm = 5.769091e-02; step = 1.000e+00
  L-BFGS Iter:  4; fx =  -56.268311837546577; g_norm = 5.769091e-02; step = 1.000e+00

  ==> MCSCF Macro Iter. 1 <==

             Energy CI (  Delta E  )         Energy Opt. (  Delta E  )  E_OPT - E_CI   Orbital RMS  Micro  DIIS
      -55.841944166829 (-5.5842e+01)    -56.268311837547 (-5.6268e+01)   -4.2637e-01    9.4843e-03    4/N

  ==> Summary of Active Space Solver Input <==

    Irrep.  Multi.(2ms)      N
    --------------------------
       A1      1  (  0)      1
    --------------------------
    N: number of roots
    ms: spin z component
    Total number of roots:   1
    --------------------------


  ==> General Determinant-Based CI Solver <==

  Number of active orbitals: 7
  Number of active alpha electrons: 5
  Number of active beta electrons: 5

  ==> GAS Orbital Energies from SCF <==

    GAS        Energy  Index
    ------------------------
     1   -20.56899957      0
     2    -1.32060927      1
     2    -0.56393045      2
     2     0.20246590      3
     2    -0.49500394      4
     2    -0.67872419      5
     2     0.29271934      6
    ------------------------

  ==> Number of Electrons in GAS <==

    GAS  MAX  MIN
    -------------
      1    1    0
      2   10    0
    -------------

  ==> Possible Electron Occupations in GAS <==

    Config.  1_A  1_B  2_A  2_B
    ---------------------------
         1     1    0    4    5
         2     0    1    5    4
         3     0    0    5    5
    ---------------------------
    n_A/B: # of alpha/beta electrons in GASn

  ==> Building GAS Determinants <==

    Config.  #Determinants     Time/s
    ---------------------------------
         1              27  5.050e-05
         2              27  3.530e-05
         3              14  2.820e-05
    ---------------------------------
    Total:              68  1.660e-04
    ---------------------------------
  Number of determinants (GAS): 68

  ==> Diagonalizing Hamiltonian Singlet (Ms = 0) A1 <==

  Reading wave function from disk as initial guess: Success!

  Davidson-Liu solver algorithm using SigmaVectorFull sigma algorithm

  Performing diagonalization of the H matrix
  Found 33 roots with 2S+1 = 1 *
  Found 31 roots with 2S+1 = 3
  Found 4 roots with 2S+1 = 5

  Done diagonalizing Hamiltonian, 1.558e-03 seconds.

  ==> Computing 1 Coupling Lists <==

        α          7.040e-05 seconds
        β          6.950e-05 seconds
  Time spent building 1-rdm: 3.360e-05 seconds

  ==> CI Vectors & Occupation Number for Singlet (Ms = 0) A1 <==

  Important determinants with coefficients |C| >= 5.000e-02

  ---- Root No. 0 ----

       A1 B1 B2    Coefficients
    ---------------------------
     a22b  2 20    0.6687123701
     b22a  2 20    0.6687123701
     b22a  2 ab    0.1484540100
     a22b  2 ba    0.1484540100
     a2b2  2 20   -0.1000665114
     b2a2  2 20   -0.1000665114
     a22b  2 ab    0.0914725482
     b22a  2 ba    0.0914725482
     ab22  2 20   -0.0802726504
     ba22  2 20   -0.0802726504
     b22b  2 aa   -0.0569814618
     a22a  2 bb   -0.0569814618
    ---------------------------

    Occupation Numbers:
        1B1   1.99994479    2A1   1.98609467    3A1   1.97660919    1B2   1.92740423
        4A1   1.03324973    1A1   0.99994342    2B2   0.07675396

    Total Energy:  -56.282209588490907

  ==> Permanent Dipole Moments [e a0] for Singlet (Ms = 0) A1 <==

       State           DM_X           DM_Y           DM_Z           |DM|
    --------------------------------------------------------------------
         0A1     0.00000000     0.00000000    -0.07125963     0.07125963
    --------------------------------------------------------------------

  ==> Energy Summary <==

    Multi.(2ms)  Irrep.  No.               Energy      <S^2>
    --------------------------------------------------------
       1  (  0)    A1     0      -56.282209588491       n/a
    --------------------------------------------------------

  ==> Computing 2 Coupling Lists <==

        αα         1.194e-04 seconds
        ββ         1.143e-04 seconds
        αβ         4.171e-04 seconds
  Time spent building 2-rdm: 5.940e-05 seconds

  ==> Optimizing Orbitals for Current RDMs <==

  L-BFGS Iter:  1; fx =  -56.285839022477141; g_norm = 1.749729e-01; step = 1.000e+00
  L-BFGS Iter:  2; fx =  -56.287733156241146; g_norm = 8.639244e-02; step = 1.000e+00
  L-BFGS Iter:  3; fx =  -56.289978376253750; g_norm = 4.021492e-02; step = 1.000e+00
  L-BFGS Iter:  4; fx =  -56.290581888914303; g_norm = 4.021492e-02; step = 1.000e+00

  ==> MCSCF Macro Iter. 2 <==

             Energy CI (  Delta E  )         Energy Opt. (  Delta E  )  E_OPT - E_CI   Orbital RMS  Micro  DIIS
      -56.282209588491 (-4.4027e-01)    -56.290581888914 (-2.2270e-02)   -8.3723e-03    1.0280e-02    4/N   S

  ==> Summary of Active Space Solver Input <==

    Irrep.  Multi.(2ms)      N
    --------------------------
       A1      1  (  0)      1
    --------------------------
    N: number of roots
    ms: spin z component
    Total number of roots:   1
    --------------------------


  ==> General Determinant-Based CI Solver <==

  Number of active orbitals: 7
  Number of active alpha electrons: 5
  Number of active beta electrons: 5

  ==> GAS Orbital Energies from SCF <==

    GAS        Energy  Index
    ------------------------
     1   -20.56899957      0
     2    -1.32060927      1
     2    -0.56393045      2
     2     0.20246590      3
     2    -0.49500394      4
     2    -0.67872419      5
     2     0.29271934      6
    ------------------------

  ==> Number of Electrons in GAS <==

    GAS  MAX  MIN
    -------------
      1    1    0
      2   10    0
    -------------

  ==> Possible Electron Occupations in GAS <==

    Config.  1_A  1_B  2_A  2_B
    ---------------------------
         1     1    0    4    5
         2     0    1    5    4
         3     0    0    5    5
    ---------------------------
    n_A/B: # of alpha/beta electrons in GASn

  ==> Building GAS Determinants <==

    Config.  #Determinants     Time/s
    ---------------------------------
         1              27  5.260e-05
         2              27  3.660e-05
         3              14  3.000e-05
    ---------------------------------
    Total:              68  1.728e-04
    ---------------------------------
  Number of determinants (GAS): 68

  ==> Diagonalizing Hamiltonian Singlet (Ms = 0) A1 <==

  Reading wave function from disk as initial guess:
  DETCI Error: Failed to open wave function file! Failed!

  Davidson-Liu solver algorithm using SigmaVectorFull sigma algorithm

  Performing diagonalization of the H matrix
  Found 33 roots with 2S+1 = 1 *
  Found 31 roots with 2S+1 = 3
  Found 4 roots with 2S+1 = 5

  Done diagonalizing Hamiltonian, 1.250e-03 seconds.

  ==> Computing 1 Coupling Lists <==

        α          7.040e-05 seconds
        β          7.210e-05 seconds
  Time spent building 1-rdm: 3.400e-05 seconds

  ==> CI Vectors & Occupation Number for Singlet (Ms = 0) A1 <==

  Important determinants with coefficients |C| >= 5.000e-02

  ---- Root No. 0 ----

       A1 B1 B2    Coefficients
    ---------------------------
     a22b  2 20    0.6694721675
     b22a  2 20    0.6694721675
     b22a  2 ab    0.1446175986
     a22b  2 ba    0.1446175986
     a2b2  2 20   -0.0991778682
     b2a2  2 20   -0.0991778682
     b22a  2 ba    0.0872080309
     a22b  2 ab    0.0872080309
     ab22  2 20   -0.0800235621
     ba22  2 20   -0.0800235621
     b22b  2 aa   -0.0574095677
     a22a  2 bb   -0.0574095677
    ---------------------------

    Occupation Numbers:
        1B1   1.99989573    2A1   1.98590275    3A1   1.97706031    1B2   1.92641795
        4A1   1.03364546    1A1   0.99994029    2B2   0.07713751

    Total Energy:  -56.291615098629116

  ==> Permanent Dipole Moments [e a0] for Singlet (Ms = 0) A1 <==

       State           DM_X           DM_Y           DM_Z           |DM|
    --------------------------------------------------------------------
         0A1     0.00000000    -0.00000000    -0.05159443     0.05159443
    --------------------------------------------------------------------

  ==> Energy Summary <==

    Multi.(2ms)  Irrep.  No.               Energy      <S^2>
    --------------------------------------------------------
       1  (  0)    A1     0      -56.291615098629       n/a
    --------------------------------------------------------

  ==> Computing 2 Coupling Lists <==

        αα         1.587e-04 seconds
        ββ         1.376e-04 seconds
        αβ         3.144e-04 seconds
  Time spent building 2-rdm: 5.760e-05 seconds

  ==> Optimizing Orbitals for Current RDMs <==

  L-BFGS Iter:  1; fx =  -56.291853688098549; g_norm = 3.204081e-02; step = 1.000e+00
  L-BFGS Iter:  2; fx =  -56.291910947446645; g_norm = 1.045694e-02; step = 1.000e+00
  L-BFGS Iter:  3; fx =  -56.291922034989888; g_norm = 5.346450e-03; step = 1.000e+00
  L-BFGS Iter:  4; fx =  -56.291934259170013; g_norm = 5.346450e-03; step = 1.000e+00

  ==> MCSCF Macro Iter. 3 <==

             Energy CI (  Delta E  )         Energy Opt. (  Delta E  )  E_OPT - E_CI   Orbital RMS  Micro  DIIS
      -56.291615098629 (-9.4055e-03)    -56.291934259170 (-1.3524e-03)   -3.1916e-04    6.3942e-03    4/N   S

  ==> Summary of Active Space Solver Input <==

    Irrep.  Multi.(2ms)      N
    --------------------------
       A1      1  (  0)      1
    --------------------------
    N: number of roots
    ms: spin z component
    Total number of roots:   1
    --------------------------


  ==> General Determinant-Based CI Solver <==

  Number of active orbitals: 7
  Number of active alpha electrons: 5
  Number of active beta electrons: 5

  ==> GAS Orbital Energies from SCF <==

    GAS        Energy  Index
    ------------------------
     1   -20.56899957      0
     2    -1.32060927      1
     2    -0.56393045      2
     2     0.20246590      3
     2    -0.49500394      4
     2    -0.67872419      5
     2     0.29271934      6
    ------------------------

  ==> Number of Electrons in GAS <==

    GAS  MAX  MIN
    -------------
      1    1    0
      2   10    0
    -------------

  ==> Possible Electron Occupations in GAS <==

    Config.  1_A  1_B  2_A  2_B
    ---------------------------
         1     1    0    4    5
         2     0    1    5    4
         3     0    0    5    5
    ---------------------------
    n_A/B: # of alpha/beta electrons in GASn

  ==> Building GAS Determinants <==

    Config.  #Determinants     Time/s
    ---------------------------------
         1              27  5.230e-05
         2              27  7.590e-05
         3              14  3.110e-05
    ---------------------------------
    Total:              68  2.615e-04
    ---------------------------------
  Number of determinants (GAS): 68

  ==> Diagonalizing Hamiltonian Singlet (Ms = 0) A1 <==

  Reading wave function from disk as initial guess: Success!

  Davidson-Liu solver algorithm using SigmaVectorFull sigma algorithm

  Performing diagonalization of the H matrix
  Found 33 roots with 2S+1 = 1 *
  Found 31 roots with 2S+1 = 3
  Found 4 roots with 2S+1 = 5

  Done diagonalizing Hamiltonian, 1.896e-03 seconds.

  ==> Computing 1 Coupling Lists <==

        α          6.930e-05 seconds
        β          6.720e-05 seconds
  Time spent building 1-rdm: 3.240e-05 seconds

  ==> CI Vectors & Occupation Number for Singlet (Ms = 0) A1 <==

  Important determinants with coefficients |C| >= 5.000e-02

  ---- Root No. 0 ----

       A1 B1 B2    Coefficients
    ---------------------------
     a22b  2 20   -0.6704370252
     b22a  2 20   -0.6704370252
     b22a  2 ab   -0.1419213018
     a22b  2 ba   -0.1419213018
     a2b2  2 20    0.0988240914
     b2a2  2 20    0.0988240914
     b22a  2 ba   -0.0853947297
     a22b  2 ab   -0.0853947297
     ab22  2 20    0.0796756539
     ba22  2 20    0.0796756539
     b22b  2 aa    0.0565265721
     a22a  2 bb    0.0565265721
    ---------------------------

    Occupation Numbers:
        1B1   1.99988889    2A1   1.98603403    3A1   1.97737945    1B2   1.92839935
        4A1   1.03347406    1A1   0.99994007    2B2   0.07488415

    Total Energy:  -56.291972844806843

  ==> Permanent Dipole Moments [e a0] for Singlet (Ms = 0) A1 <==

       State           DM_X           DM_Y           DM_Z           |DM|
    --------------------------------------------------------------------
         0A1     0.00000000     0.00000000    -0.06305566     0.06305566
    --------------------------------------------------------------------

  ==> Energy Summary <==

    Multi.(2ms)  Irrep.  No.               Energy      <S^2>
    --------------------------------------------------------
       1  (  0)    A1     0      -56.291972844807       n/a
    --------------------------------------------------------

  ==> Computing 2 Coupling Lists <==

        αα         1.699e-04 seconds
        ββ         1.133e-04 seconds
        αβ         2.646e-04 seconds
  Time spent building 2-rdm: 9.070e-05 seconds

  ==> Optimizing Orbitals for Current RDMs <==

  L-BFGS Iter:  1; fx =  -56.291983180565751; g_norm = 6.517340e-03; step = 1.000e+00
  L-BFGS Iter:  2; fx =  -56.291985236373449; g_norm = 1.334225e-03; step = 1.000e+00
  L-BFGS Iter:  3; fx =  -56.291985451040624; g_norm = 6.900711e-04; step = 1.000e+00
  L-BFGS Iter:  4; fx =  -56.291985699893353; g_norm = 6.900711e-04; step = 1.000e+00

  ==> MCSCF Macro Iter. 4 <==

             Energy CI (  Delta E  )         Energy Opt. (  Delta E  )  E_OPT - E_CI   Orbital RMS  Micro  DIIS
      -56.291972844807 (-3.5775e-04)    -56.291985699893 (-5.1441e-05)   -1.2855e-05    7.8271e-04    4/N   S/E

  ==> Summary of Active Space Solver Input <==

    Irrep.  Multi.(2ms)      N
    --------------------------
       A1      1  (  0)      1
    --------------------------
    N: number of roots
    ms: spin z component
    Total number of roots:   1
    --------------------------


  ==> General Determinant-Based CI Solver <==

  Number of active orbitals: 7
  Number of active alpha electrons: 5
  Number of active beta electrons: 5

  ==> GAS Orbital Energies from SCF <==

    GAS        Energy  Index
    ------------------------
     1   -20.56899957      0
     2    -1.32060927      1
     2    -0.56393045      2
     2     0.20246590      3
     2    -0.49500394      4
     2    -0.67872419      5
     2     0.29271934      6
    ------------------------

  ==> Number of Electrons in GAS <==

    GAS  MAX  MIN
    -------------
      1    1    0
      2   10    0
    -------------

  ==> Possible Electron Occupations in GAS <==

    Config.  1_A  1_B  2_A  2_B
    ---------------------------
         1     1    0    4    5
         2     0    1    5    4
         3     0    0    5    5
    ---------------------------
    n_A/B: # of alpha/beta electrons in GASn

  ==> Building GAS Determinants <==

    Config.  #Determinants     Time/s
    ---------------------------------
         1              27  5.580e-05
         2              27  3.730e-05
         3              14  2.780e-05
    ---------------------------------
    Total:              68  1.742e-04
    ---------------------------------
  Number of determinants (GAS): 68

  ==> Diagonalizing Hamiltonian Singlet (Ms = 0) A1 <==

  Reading wave function from disk as initial guess: Success!

  Davidson-Liu solver algorithm using SigmaVectorFull sigma algorithm

  Performing diagonalization of the H matrix
  Found 33 roots with 2S+1 = 1 *
  Found 31 roots with 2S+1 = 3
  Found 4 roots with 2S+1 = 5

  Done diagonalizing Hamiltonian, 1.435e-03 seconds.

  ==> Computing 1 Coupling Lists <==

        α          7.240e-05 seconds
        β          6.970e-05 seconds
  Time spent building 1-rdm: 3.340e-05 seconds

  ==> CI Vectors & Occupation Number for Singlet (Ms = 0) A1 <==

  Important determinants with coefficients |C| >= 5.000e-02

  ---- Root No. 0 ----

       A1 B1 B2    Coefficients
    ---------------------------
     a22b  2 20    0.6706828417
     b22a  2 20    0.6706828417
     b22a  2 ab    0.1412168539
     a22b  2 ba    0.1412168539
     a2b2  2 20   -0.0987268314
     b2a2  2 20   -0.0987268314
     a22b  2 ab    0.0847664928
     b22a  2 ba    0.0847664928
     ab22  2 20   -0.0796105817
     ba22  2 20   -0.0796105817
     b22b  2 aa   -0.0564503611
     a22a  2 bb   -0.0564503611
    ---------------------------

    Occupation Numbers:
        1B1   1.99988737    2A1   1.98605607    3A1   1.97744849    1B2   1.92891604
        4A1   1.03343426    1A1   0.99993986    2B2   0.07431791

    Total Energy:  -56.291988239761515

  ==> Permanent Dipole Moments [e a0] for Singlet (Ms = 0) A1 <==

       State           DM_X           DM_Y           DM_Z           |DM|
    --------------------------------------------------------------------
         0A1     0.00000000    -0.00000000    -0.06411639     0.06411639
    --------------------------------------------------------------------

  ==> Energy Summary <==

    Multi.(2ms)  Irrep.  No.               Energy      <S^2>
    --------------------------------------------------------
       1  (  0)    A1     0      -56.291988239762       n/a
    --------------------------------------------------------

  ==> Computing 2 Coupling Lists <==

        αα         1.196e-04 seconds
        ββ         1.163e-04 seconds
        αβ         2.737e-04 seconds
  Time spent building 2-rdm: 5.720e-05 seconds

  ==> Optimizing Orbitals for Current RDMs <==

  L-BFGS Iter:  1; fx =  -56.291988344461046; g_norm = 4.157289e-04; step = 1.000e+00
  L-BFGS Iter:  2; fx =  -56.291988362219421; g_norm = 1.614675e-04; step = 1.000e+00
  L-BFGS Iter:  3; fx =  -56.291988368142960; g_norm = 1.340225e-04; step = 1.000e+00
  L-BFGS Iter:  4; fx =  -56.291988370790648; g_norm = 1.340225e-04; step = 1.000e+00

  ==> MCSCF Macro Iter. 5 <==

             Energy CI (  Delta E  )         Energy Opt. (  Delta E  )  E_OPT - E_CI   Orbital RMS  Micro  DIIS
      -56.291988239762 (-1.5395e-05)    -56.291988370791 (-2.6709e-06)   -1.3103e-07    1.2723e-04    4/N   S/E

  ==> Summary of Active Space Solver Input <==

    Irrep.  Multi.(2ms)      N
    --------------------------
       A1      1  (  0)      1
    --------------------------
    N: number of roots
    ms: spin z component
    Total number of roots:   1
    --------------------------


  ==> General Determinant-Based CI Solver <==

  Number of active orbitals: 7
  Number of active alpha electrons: 5
  Number of active beta electrons: 5

  ==> GAS Orbital Energies from SCF <==

    GAS        Energy  Index
    ------------------------
     1   -20.56899957      0
     2    -1.32060927      1
     2    -0.56393045      2
     2     0.20246590      3
     2    -0.49500394      4
     2    -0.67872419      5
     2     0.29271934      6
    ------------------------

  ==> Number of Electrons in GAS <==

    GAS  MAX  MIN
    -------------
      1    1    0
      2   10    0
    -------------

  ==> Possible Electron Occupations in GAS <==

    Config.  1_A  1_B  2_A  2_B
    ---------------------------
         1     1    0    4    5
         2     0    1    5    4
         3     0    0    5    5
    ---------------------------
    n_A/B: # of alpha/beta electrons in GASn

  ==> Building GAS Determinants <==

    Config.  #Determinants     Time/s
    ---------------------------------
         1              27  5.010e-05
         2              27  3.440e-05
         3              14  2.710e-05
    ---------------------------------
    Total:              68  1.626e-04
    ---------------------------------
  Number of determinants (GAS): 68

  ==> Diagonalizing Hamiltonian Singlet (Ms = 0) A1 <==

  Reading wave function from disk as initial guess: Success!

  Davidson-Liu solver algorithm using SigmaVectorFull sigma algorithm

  Performing diagonalization of the H matrix
  Found 33 roots with 2S+1 = 1 *
  Found 31 roots with 2S+1 = 3
  Found 4 roots with 2S+1 = 5

  Done diagonalizing Hamiltonian, 1.383e-03 seconds.

  ==> Computing 1 Coupling Lists <==

        α          1.462e-04 seconds
        β          6.930e-05 seconds
  Time spent building 1-rdm: 3.260e-05 seconds

  ==> CI Vectors & Occupation Number for Singlet (Ms = 0) A1 <==

  Important determinants with coefficients |C| >= 5.000e-02

  ---- Root No. 0 ----

       A1 B1 B2    Coefficients
    ---------------------------
     a22b  2 20    0.6707005545
     b22a  2 20    0.6707005545
     b22a  2 ab    0.1411668784
     a22b  2 ba    0.1411668784
     a2b2  2 20   -0.0987162261
     b2a2  2 20   -0.0987162261
     a22b  2 ab    0.0847101476
     b22a  2 ba    0.0847101476
     ab22  2 20   -0.0796053329
     ba22  2 20   -0.0796053329
     b22b  2 aa   -0.0564567309
     a22a  2 bb   -0.0564567309
    ---------------------------

    Occupation Numbers:
        1B1   1.99988731    2A1   1.98605786    3A1   1.97745316    1B2   1.92895252
        4A1   1.03342845    1A1   0.99993987    2B2   0.07428082

    Total Energy:  -56.291988386189310

  ==> Permanent Dipole Moments [e a0] for Singlet (Ms = 0) A1 <==

       State           DM_X           DM_Y           DM_Z           |DM|
    --------------------------------------------------------------------
         0A1     0.00000000     0.00000000    -0.06431343     0.06431343
    --------------------------------------------------------------------

  ==> Energy Summary <==

    Multi.(2ms)  Irrep.  No.               Energy      <S^2>
    --------------------------------------------------------
       1  (  0)    A1     0      -56.291988386189       n/a
    --------------------------------------------------------

  ==> Computing 2 Coupling Lists <==

        αα         1.104e-04 seconds
        ββ         1.066e-04 seconds
        αβ         2.870e-04 seconds
  Time spent building 2-rdm: 5.290e-05 seconds

  ==> Optimizing Orbitals for Current RDMs <==

  L-BFGS Iter:  1; fx =  -56.291988394388810; g_norm = 1.357361e-04; step = 1.000e+00
  L-BFGS Iter:  2; fx =  -56.291988396244470; g_norm = 5.660155e-05; step = 1.000e+00
  L-BFGS Iter:  3; fx =  -56.291988397294652; g_norm = 6.386290e-05; step = 1.000e+00
  L-BFGS Iter:  4; fx =  -56.291988397987758; g_norm = 6.386290e-05; step = 1.000e+00

  ==> MCSCF Macro Iter. 6 <==

             Energy CI (  Delta E  )         Energy Opt. (  Delta E  )  E_OPT - E_CI   Orbital RMS  Micro  DIIS
      -56.291988386189 (-1.4643e-07)    -56.291988397988 (-2.7197e-08)   -1.1798e-08    1.2508e-05    4/N   S/E

  ==> Summary of Active Space Solver Input <==

    Irrep.  Multi.(2ms)      N
    --------------------------
       A1      1  (  0)      1
    --------------------------
    N: number of roots
    ms: spin z component
    Total number of roots:   1
    --------------------------


  ==> General Determinant-Based CI Solver <==

  Number of active orbitals: 7
  Number of active alpha electrons: 5
  Number of active beta electrons: 5

  ==> GAS Orbital Energies from SCF <==

    GAS        Energy  Index
    ------------------------
     1   -20.56899957      0
     2    -1.32060927      1
     2    -0.56393045      2
     2     0.20246590      3
     2    -0.49500394      4
     2    -0.67872419      5
     2     0.29271934      6
    ------------------------

  ==> Number of Electrons in GAS <==

    GAS  MAX  MIN
    -------------
      1    1    0
      2   10    0
    -------------

  ==> Possible Electron Occupations in GAS <==

    Config.  1_A  1_B  2_A  2_B
    ---------------------------
         1     1    0    4    5
         2     0    1    5    4
         3     0    0    5    5
    ---------------------------
    n_A/B: # of alpha/beta electrons in GASn

  ==> Building GAS Determinants <==

    Config.  #Determinants     Time/s
    ---------------------------------
         1              27  4.960e-05
         2              27  3.450e-05
         3              14  2.720e-05
    ---------------------------------
    Total:              68  1.623e-04
    ---------------------------------
  Number of determinants (GAS): 68

  ==> Diagonalizing Hamiltonian Singlet (Ms = 0) A1 <==

  Reading wave function from disk as initial guess: Success!

  Davidson-Liu solver algorithm using SigmaVectorFull sigma algorithm

  Performing diagonalization of the H matrix
  Found 33 roots with 2S+1 = 1 *
  Found 31 roots with 2S+1 = 3
  Found 4 roots with 2S+1 = 5

  Done diagonalizing Hamiltonian, 1.363e-03 seconds.

  ==> Computing 1 Coupling Lists <==

        α          1.206e-04 seconds
        β          8.780e-05 seconds
  Time spent building 1-rdm: 6.150e-05 seconds

  ==> CI Vectors & Occupation Number for Singlet (Ms = 0) A1 <==

  Important determinants with coefficients |C| >= 5.000e-02

  ---- Root No. 0 ----

       A1 B1 B2    Coefficients
    ---------------------------
     a22b  2 20    0.6707065966
     b22a  2 20    0.6707065966
     b22a  2 ab    0.1411485893
     a22b  2 ba    0.1411485893
     a2b2  2 20   -0.0987122435
     b2a2  2 20   -0.0987122435
     a22b  2 ab    0.0846772340
     b22a  2 ba    0.0846772340
     ab22  2 20   -0.0796048444
     ba22  2 20   -0.0796048444
     b22b  2 aa   -0.0564713553
     a22a  2 bb   -0.0564713553
    ---------------------------

    Occupation Numbers:
        1B1   1.99988730    2A1   1.98605779    3A1   1.97745388    1B2   1.92896462
        4A1   1.03342684    1A1   0.99993987    2B2   0.07426970

    Total Energy:  -56.291988402063289

  ==> Permanent Dipole Moments [e a0] for Singlet (Ms = 0) A1 <==

       State           DM_X           DM_Y           DM_Z           |DM|
    --------------------------------------------------------------------
         0A1     0.00000000     0.00000000    -0.06435269     0.06435269
    --------------------------------------------------------------------

  ==> Energy Summary <==

    Multi.(2ms)  Irrep.  No.               Energy      <S^2>
    --------------------------------------------------------
       1  (  0)    A1     0      -56.291988402063       n/a
    --------------------------------------------------------

  ==> Computing 2 Coupling Lists <==

        αα         1.186e-04 seconds
        ββ         1.143e-04 seconds
        αβ         2.719e-04 seconds
  Time spent building 2-rdm: 5.530e-05 seconds

  ==> Optimizing Orbitals for Current RDMs <==

  L-BFGS Iter:  1; fx =  -56.291988402361007; g_norm = 3.482883e-05; step = 1.000e+00
  L-BFGS Iter:  2; fx =  -56.291988402450059; g_norm = 5.287064e-06; step = 1.000e+00
  L-BFGS Iter:  3; fx =  -56.291988402455900; g_norm = 4.791548e-06; step = 1.000e+00
  L-BFGS Iter:  4; fx =  -56.291988402463474; g_norm = 4.791548e-06; step = 1.000e+00

  ==> MCSCF Macro Iter. 7 <==

             Energy CI (  Delta E  )         Energy Opt. (  Delta E  )  E_OPT - E_CI   Orbital RMS  Micro  DIIS
      -56.291988402063 (-1.5874e-08)    -56.291988402463 (-4.4757e-09)   -4.0018e-10    9.9065e-06    4/N   S/E

  ==> Summary of Active Space Solver Input <==

    Irrep.  Multi.(2ms)      N
    --------------------------
       A1      1  (  0)      1
    --------------------------
    N: number of roots
    ms: spin z component
    Total number of roots:   1
    --------------------------


  ==> General Determinant-Based CI Solver <==

  Number of active orbitals: 7
  Number of active alpha electrons: 5
  Number of active beta electrons: 5

  ==> GAS Orbital Energies from SCF <==

    GAS        Energy  Index
    ------------------------
     1   -20.56899957      0
     2    -1.32060927      1
     2    -0.56393045      2
     2     0.20246590      3
     2    -0.49500394      4
     2    -0.67872419      5
     2     0.29271934      6
    ------------------------

  ==> Number of Electrons in GAS <==

    GAS  MAX  MIN
    -------------
      1    1    0
      2   10    0
    -------------

  ==> Possible Electron Occupations in GAS <==

    Config.  1_A  1_B  2_A  2_B
    ---------------------------
         1     1    0    4    5
         2     0    1    5    4
         3     0    0    5    5
    ---------------------------
    n_A/B: # of alpha/beta electrons in GASn

  ==> Building GAS Determinants <==

    Config.  #Determinants     Time/s
    ---------------------------------
         1              27  1.353e-04
         2              27  1.469e-04
         3              14  6.260e-05
    ---------------------------------
    Total:              68  4.696e-04
    ---------------------------------
  Number of determinants (GAS): 68

  ==> Diagonalizing Hamiltonian Singlet (Ms = 0) A1 <==

  Reading wave function from disk as initial guess: Success!

  Davidson-Liu solver algorithm using SigmaVectorFull sigma algorithm

  Performing diagonalization of the H matrix
  Found 33 roots with 2S+1 = 1 *
  Found 31 roots with 2S+1 = 3
  Found 4 roots with 2S+1 = 5

  Done diagonalizing Hamiltonian, 1.575e-03 seconds.

  ==> Computing 1 Coupling Lists <==

        α          6.990e-05 seconds
        β          7.080e-05 seconds
  Time spent building 1-rdm: 3.230e-05 seconds

  ==> CI Vectors & Occupation Number for Singlet (Ms = 0) A1 <==

  Important determinants with coefficients |C| >= 5.000e-02

  ---- Root No. 0 ----

       A1 B1 B2    Coefficients
    ---------------------------
     a22b  2 20    0.6707077451
     b22a  2 20    0.6707077451
     b22a  2 ab    0.1411451966
     a22b  2 ba    0.1411451966
     a2b2  2 20   -0.0987116430
     b2a2  2 20   -0.0987116430
     b22a  2 ba    0.0846728989
     a22b  2 ab    0.0846728989
     ab22  2 20   -0.0796044915
     ba22  2 20   -0.0796044915
     b22b  2 aa   -0.0564722976
     a22a  2 bb   -0.0564722976
    ---------------------------

    Occupation Numbers:
        1B1   1.99988729    2A1   1.98605788    3A1   1.97745408    1B2   1.92896694
        4A1   1.03342654    1A1   0.99993987    2B2   0.07426740

    Total Energy:  -56.291988402550523

  ==> Permanent Dipole Moments [e a0] for Singlet (Ms = 0) A1 <==

       State           DM_X           DM_Y           DM_Z           |DM|
    --------------------------------------------------------------------
         0A1     0.00000000     0.00000000    -0.06437283     0.06437283
    --------------------------------------------------------------------

  ==> Energy Summary <==

    Multi.(2ms)  Irrep.  No.               Energy      <S^2>
    --------------------------------------------------------
       1  (  0)    A1     0      -56.291988402551       n/a
    --------------------------------------------------------

  ==> Computing 2 Coupling Lists <==

        αα         1.164e-04 seconds
        ββ         1.518e-04 seconds
        αβ         3.605e-04 seconds
  Time spent building 2-rdm: 5.660e-05 seconds

  ==> Optimizing Orbitals for Current RDMs <==

  L-BFGS Iter:  1; fx =  -56.291988402558900; g_norm = 3.588450e-06; step = 1.000e+00
  L-BFGS Iter:  2; fx =  -56.291988402561060; g_norm = 2.221157e-06; step = 1.000e+00
  L-BFGS Iter:  3; fx =  -56.291988402563149; g_norm = 2.341362e-06; step = 1.000e+00
  L-BFGS Iter:  4; fx =  -56.291988402563696; g_norm = 2.341362e-06; step = 1.000e+00

  ==> MCSCF Macro Iter. 8 <==

             Energy CI (  Delta E  )         Energy Opt. (  Delta E  )  E_OPT - E_CI   Orbital RMS  Micro  DIIS
      -56.291988402551 (-4.8723e-10)    -56.291988402564 (-1.0022e-10)   -1.3173e-11    5.0105e-07    4/N   S/E

  ==> Summary of Active Space Solver Input <==

    Irrep.  Multi.(2ms)      N
    --------------------------
       A1      1  (  0)      1
    --------------------------
    N: number of roots
    ms: spin z component
    Total number of roots:   1
    --------------------------


  ==> General Determinant-Based CI Solver <==

  Number of active orbitals: 7
  Number of active alpha electrons: 5
  Number of active beta electrons: 5

  ==> GAS Orbital Energies from SCF <==

    GAS        Energy  Index
    ------------------------
     1   -20.56899957      0
     2    -1.32060927      1
     2    -0.56393045      2
     2     0.20246590      3
     2    -0.49500394      4
     2    -0.67872419      5
     2     0.29271934      6
    ------------------------

  ==> Number of Electrons in GAS <==

    GAS  MAX  MIN
    -------------
      1    1    0
      2   10    0
    -------------

  ==> Possible Electron Occupations in GAS <==

    Config.  1_A  1_B  2_A  2_B
    ---------------------------
         1     1    0    4    5
         2     0    1    5    4
         3     0    0    5    5
    ---------------------------
    n_A/B: # of alpha/beta electrons in GASn

  ==> Building GAS Determinants <==

    Config.  #Determinants     Time/s
    ---------------------------------
         1              27  5.320e-05
         2              27  3.440e-05
         3              14  2.800e-05
    ---------------------------------
    Total:              68  1.666e-04
    ---------------------------------
  Number of determinants (GAS): 68

  ==> Diagonalizing Hamiltonian Singlet (Ms = 0) A1 <==

  Reading wave function from disk as initial guess: Success!

  Davidson-Liu solver algorithm using SigmaVectorFull sigma algorithm

  Performing diagonalization of the H matrix
  Found 33 roots with 2S+1 = 1 *
  Found 31 roots with 2S+1 = 3
  Found 4 roots with 2S+1 = 5

  Done diagonalizing Hamiltonian, 1.379e-03 seconds.

  ==> Computing 1 Coupling Lists <==

        α          6.920e-05 seconds
        β          7.010e-05 seconds
  Time spent building 1-rdm: 3.220e-05 seconds

  ==> CI Vectors & Occupation Number for Singlet (Ms = 0) A1 <==

  Important determinants with coefficients |C| >= 5.000e-02

  ---- Root No. 0 ----

       A1 B1 B2    Coefficients
    ---------------------------
     a22b  2 20    0.6707079164
     b22a  2 20    0.6707079164
     b22a  2 ab    0.1411446524
     a22b  2 ba    0.1411446524
     a2b2  2 20   -0.0987114942
     b2a2  2 20   -0.0987114942
     b22a  2 ba    0.0846717849
     a22b  2 ab    0.0846717849
     ab22  2 20   -0.0796044725
     ba22  2 20   -0.0796044725
     b22b  2 aa   -0.0564728675
     a22a  2 bb   -0.0564728675
    ---------------------------

    Occupation Numbers:
        1B1   1.99988729    2A1   1.98605788    3A1   1.97745406    1B2   1.92896728
        4A1   1.03342647    1A1   0.99993987    2B2   0.07426715

    Total Energy:  -56.291988402568428

  ==> Permanent Dipole Moments [e a0] for Singlet (Ms = 0) A1 <==

       State           DM_X           DM_Y           DM_Z           |DM|
    --------------------------------------------------------------------
         0A1     0.00000000     0.00000000    -0.06437504     0.06437504
    --------------------------------------------------------------------

  ==> Energy Summary <==

    Multi.(2ms)  Irrep.  No.               Energy      <S^2>
    --------------------------------------------------------
       1  (  0)    A1     0      -56.291988402568       n/a
    --------------------------------------------------------

  ==> Computing 2 Coupling Lists <==

        αα         1.168e-04 seconds
        ββ         1.126e-04 seconds
        αβ         2.690e-04 seconds
  Time spent building 2-rdm: 5.550e-05 seconds

  ==> Optimizing Orbitals for Current RDMs <==

  L-BFGS Iter:  1; fx =  -56.291988402568734; g_norm = 1.109276e-06; step = 1.000e+00
  L-BFGS Iter:  2; fx =  -56.291988402568791; g_norm = 1.158942e-07; step = 1.000e+00
  L-BFGS Iter:  3; fx =  -56.291988402568798; g_norm = 1.169683e-07; step = 1.000e+00
  L-BFGS Iter:  4; fx =  -56.291988402568798; g_norm = 1.169683e-07; step = 1.000e+00

  ==> MCSCF Macro Iter. 9 <==

             Energy CI (  Delta E  )         Energy Opt. (  Delta E  )  E_OPT - E_CI   Orbital RMS  Micro  DIIS
      -56.291988402568 (-1.7906e-11)    -56.291988402569 (-5.1017e-12)   -3.6948e-13    3.7662e-07    4/N   S/E

  ==> Summary of Active Space Solver Input <==

    Irrep.  Multi.(2ms)      N
    --------------------------
       A1      1  (  0)      1
    --------------------------
    N: number of roots
    ms: spin z component
    Total number of roots:   1
    --------------------------


  ==> General Determinant-Based CI Solver <==

  Number of active orbitals: 7
  Number of active alpha electrons: 5
  Number of active beta electrons: 5

  ==> GAS Orbital Energies from SCF <==

    GAS        Energy  Index
    ------------------------
     1   -20.56899957      0
     2    -1.32060927      1
     2    -0.56393045      2
     2     0.20246590      3
     2    -0.49500394      4
     2    -0.67872419      5
     2     0.29271934      6
    ------------------------

  ==> Number of Electrons in GAS <==

    GAS  MAX  MIN
    -------------
      1    1    0
      2   10    0
    -------------

  ==> Possible Electron Occupations in GAS <==

    Config.  1_A  1_B  2_A  2_B
    ---------------------------
         1     1    0    4    5
         2     0    1    5    4
         3     0    0    5    5
    ---------------------------
    n_A/B: # of alpha/beta electrons in GASn

  ==> Building GAS Determinants <==

    Config.  #Determinants     Time/s
    ---------------------------------
         1              27  4.770e-05
         2              27  3.280e-05
         3              14  2.580e-05
    ---------------------------------
    Total:              68  1.542e-04
    ---------------------------------
  Number of determinants (GAS): 68

  ==> Diagonalizing Hamiltonian Singlet (Ms = 0) A1 <==

  Reading wave function from disk as initial guess: Success!

  Davidson-Liu solver algorithm using SigmaVectorFull sigma algorithm

  Performing diagonalization of the H matrix
  Found 33 roots with 2S+1 = 1 *
  Found 31 roots with 2S+1 = 3
  Found 4 roots with 2S+1 = 5

  Done diagonalizing Hamiltonian, 1.371e-03 seconds.

  ==> Computing 1 Coupling Lists <==

        α          6.510e-05 seconds
        β          6.410e-05 seconds
  Time spent building 1-rdm: 3.060e-05 seconds

  ==> CI Vectors & Occupation Number for Singlet (Ms = 0) A1 <==

  Important determinants with coefficients |C| >= 5.000e-02

  ---- Root No. 0 ----

       A1 B1 B2    Coefficients
    ---------------------------
     a22b  2 20    0.6707079733
     b22a  2 20    0.6707079733
     b22a  2 ab    0.1411444868
     a22b  2 ba    0.1411444868
     a2b2  2 20   -0.0987114671
     b2a2  2 20   -0.0987114671
     b22a  2 ba    0.0846715924
     a22b  2 ab    0.0846715924
     ab22  2 20   -0.0796044592
     ba22  2 20   -0.0796044592
     b22b  2 aa   -0.0564728945
     a22a  2 bb   -0.0564728945
    ---------------------------

    Occupation Numbers:
        1B1   1.99988729    2A1   1.98605788    3A1   1.97745408    1B2   1.92896740
        4A1   1.03342646    1A1   0.99993987    2B2   0.07426702

    Total Energy:  -56.291988402569153

  ==> Permanent Dipole Moments [e a0] for Singlet (Ms = 0) A1 <==

       State           DM_X           DM_Y           DM_Z           |DM|
    --------------------------------------------------------------------
         0A1     0.00000000    -0.00000000    -0.06437553     0.06437553
    --------------------------------------------------------------------

  ==> Energy Summary <==

    Multi.(2ms)  Irrep.  No.               Energy      <S^2>
    --------------------------------------------------------
       1  (  0)    A1     0      -56.291988402569       n/a
    --------------------------------------------------------

  ==> Computing 2 Coupling Lists <==

        αα         1.100e-04 seconds
        ββ         1.064e-04 seconds
        αβ         3.205e-04 seconds
  Time spent building 2-rdm: 5.260e-05 seconds

  ==> Optimizing Orbitals for Current RDMs <==

  L-BFGS Iter:  1; fx =  -56.291988402569103; g_norm = 4.541885e-08; step = 1.000e+00
  L-BFGS Iter:  2; fx =  -56.291988402569089; g_norm = 1.538332e-08; step = 1.000e+00
  L-BFGS Iter:  3; fx =  -56.291988402569118; g_norm = 1.053917e-08; step = 1.000e+00
  L-BFGS Iter:  4; fx =  -56.291988402569125; g_norm = 1.053917e-08; step = 1.000e+00

  ==> MCSCF Macro Iter. 10 <==

             Energy CI (  Delta E  )         Energy Opt. (  Delta E  )  E_OPT - E_CI   Orbital RMS  Micro  DIIS
      -56.291988402569 (-7.2475e-13)    -56.291988402569 (-3.2685e-13)    2.8422e-14    1.8752e-08    4/N   S/E

  ==> Summary of Active Space Solver Input <==

    Irrep.  Multi.(2ms)      N
    --------------------------
       A1      1  (  0)      1
    --------------------------
    N: number of roots
    ms: spin z component
    Total number of roots:   1
    --------------------------


  ==> General Determinant-Based CI Solver <==

  Number of active orbitals: 7
  Number of active alpha electrons: 5
  Number of active beta electrons: 5

  ==> GAS Orbital Energies from SCF <==

    GAS        Energy  Index
    ------------------------
     1   -20.56899957      0
     2    -1.32060927      1
     2    -0.56393045      2
     2     0.20246590      3
     2    -0.49500394      4
     2    -0.67872419      5
     2     0.29271934      6
    ------------------------

  ==> Number of Electrons in GAS <==

    GAS  MAX  MIN
    -------------
      1    1    0
      2   10    0
    -------------

  ==> Possible Electron Occupations in GAS <==

    Config.  1_A  1_B  2_A  2_B
    ---------------------------
         1     1    0    4    5
         2     0    1    5    4
         3     0    0    5    5
    ---------------------------
    n_A/B: # of alpha/beta electrons in GASn

  ==> Building GAS Determinants <==

    Config.  #Determinants     Time/s
    ---------------------------------
         1              27  1.202e-04
         2              27  4.990e-05
         3              14  4.170e-05
    ---------------------------------
    Total:              68  2.657e-04
    ---------------------------------
  Number of determinants (GAS): 68

  ==> Diagonalizing Hamiltonian Singlet (Ms = 0) A1 <==

  Reading wave function from disk as initial guess: Success!

  Davidson-Liu solver algorithm using SigmaVectorFull sigma algorithm

  Performing diagonalization of the H matrix
  Found 33 roots with 2S+1 = 1 *
  Found 31 roots with 2S+1 = 3
  Found 4 roots with 2S+1 = 5

  Done diagonalizing Hamiltonian, 2.094e-03 seconds.

  ==> Computing 1 Coupling Lists <==

        α          1.113e-04 seconds
        β          1.279e-04 seconds
  Time spent building 1-rdm: 3.720e-05 seconds

  ==> CI Vectors & Occupation Number for Singlet (Ms = 0) A1 <==

  Important determinants with coefficients |C| >= 5.000e-02

  ---- Root No. 0 ----

       A1 B1 B2    Coefficients
    ---------------------------
     a22b  2 20    0.6707079728
     b22a  2 20    0.6707079728
     b22a  2 ab    0.1411444887
     a22b  2 ba    0.1411444887
     a2b2  2 20   -0.0987114671
     b2a2  2 20   -0.0987114671
     a22b  2 ab    0.0846715946
     b22a  2 ba    0.0846715946
     ab22  2 20   -0.0796044593
     ba22  2 20   -0.0796044593
     b22b  2 aa   -0.0564728941
     a22a  2 bb   -0.0564728941
    ---------------------------

    Occupation Numbers:
        1B1   1.99988729    2A1   1.98605788    3A1   1.97745408    1B2   1.92896740
        4A1   1.03342646    1A1   0.99993987    2B2   0.07426702

    Total Energy:  -56.291988402569054

  ==> Permanent Dipole Moments [e a0] for Singlet (Ms = 0) A1 <==

       State           DM_X           DM_Y           DM_Z           |DM|
    --------------------------------------------------------------------
         0A1     0.00000000     0.00000000    -0.06437550     0.06437550
    --------------------------------------------------------------------

  ==> Energy Summary <==

    Multi.(2ms)  Irrep.  No.               Energy      <S^2>
    --------------------------------------------------------
       1  (  0)    A1     0      -56.291988402569       n/a
    --------------------------------------------------------

  ==> Computing 2 Coupling Lists <==

        αα         1.232e-04 seconds
        ββ         1.480e-04 seconds
        αβ         3.039e-04 seconds
  Time spent building 2-rdm: 5.710e-05 seconds

  ==> Optimizing Orbitals for Current RDMs <==

  L-BFGS Iter:  1; fx =  -56.291988402569075; g_norm = 4.256479e-09; step = 1.000e+00
  L-BFGS Iter:  2; fx =  -56.291988402569054; g_norm = 1.548313e-09; step = 1.000e+00
  L-BFGS Iter:  3; fx =  -56.291988402569089; g_norm = 1.160580e-09; step = 1.000e+00
  L-BFGS Iter:  4; fx =  -56.291988402569068; g_norm = 1.160580e-09; step = 1.000e+00

  ==> MCSCF Macro Iter. 11 <==

             Energy CI (  Delta E  )         Energy Opt. (  Delta E  )  E_OPT - E_CI   Orbital RMS  Micro  DIIS
      -56.291988402569 ( 9.9476e-14)    -56.291988402569 ( 5.6843e-14)   -1.4211e-14    1.8330e-09    4/N   R/S

  ==> Summary of Active Space Solver Input <==

    Irrep.  Multi.(2ms)      N
    --------------------------
       A1      1  (  0)      1
    --------------------------
    N: number of roots
    ms: spin z component
    Total number of roots:   1
    --------------------------


  ==> General Determinant-Based CI Solver <==

  Number of active orbitals: 7
  Number of active alpha electrons: 5
  Number of active beta electrons: 5

  ==> GAS Orbital Energies from SCF <==

    GAS        Energy  Index
    ------------------------
     1   -20.56899957      0
     2    -1.32060927      1
     2    -0.56393045      2
     2     0.20246590      3
     2    -0.49500394      4
     2    -0.67872419      5
     2     0.29271934      6
    ------------------------

  ==> Number of Electrons in GAS <==

    GAS  MAX  MIN
    -------------
      1    1    0
      2   10    0
    -------------

  ==> Possible Electron Occupations in GAS <==

    Config.  1_A  1_B  2_A  2_B
    ---------------------------
         1     1    0    4    5
         2     0    1    5    4
         3     0    0    5    5
    ---------------------------
    n_A/B: # of alpha/beta electrons in GASn

  ==> Building GAS Determinants <==

    Config.  #Determinants     Time/s
    ---------------------------------
         1              27  4.900e-05
         2              27  3.490e-05
         3              14  2.750e-05
    ---------------------------------
    Total:              68  1.619e-04
    ---------------------------------
  Number of determinants (GAS): 68

  ==> Diagonalizing Hamiltonian Singlet (Ms = 0) A1 <==

  Reading wave function from disk as initial guess: Success!

  Davidson-Liu solver algorithm using SigmaVectorFull sigma algorithm

  Performing diagonalization of the H matrix
  Found 33 roots with 2S+1 = 1 *
  Found 31 roots with 2S+1 = 3
  Found 4 roots with 2S+1 = 5

  Done diagonalizing Hamiltonian, 1.654e-03 seconds.

  ==> Computing 1 Coupling Lists <==

        α          6.920e-05 seconds
        β          6.860e-05 seconds
  Time spent building 1-rdm: 3.380e-05 seconds

  ==> CI Vectors & Occupation Number for Singlet (Ms = 0) A1 <==

  Important determinants with coefficients |C| >= 5.000e-02

  ---- Root No. 0 ----

       A1 B1 B2    Coefficients
    ---------------------------
     a22b  2 20    0.6707079727
     b22a  2 20    0.6707079727
     b22a  2 ab    0.1411444889
     a22b  2 ba    0.1411444889
     a2b2  2 20   -0.0987114672
     b2a2  2 20   -0.0987114672
     a22b  2 ab    0.0846715947
     b22a  2 ba    0.0846715947
     ab22  2 20   -0.0796044593
     ba22  2 20   -0.0796044593
     b22b  2 aa   -0.0564728942
     a22a  2 bb   -0.0564728942
    ---------------------------

    Occupation Numbers:
        1B1   1.99988729    2A1   1.98605788    3A1   1.97745408    1B2   1.92896740
        4A1   1.03342646    1A1   0.99993987    2B2   0.07426702

    Total Energy:  -56.291988402569110

  ==> Permanent Dipole Moments [e a0] for Singlet (Ms = 0) A1 <==

       State           DM_X           DM_Y           DM_Z           |DM|
    --------------------------------------------------------------------
         0A1     0.00000000    -0.00000000    -0.06437550     0.06437550
    --------------------------------------------------------------------

  ==> Energy Summary <==

    Multi.(2ms)  Irrep.  No.               Energy      <S^2>
    --------------------------------------------------------
       1  (  0)    A1     0      -56.291988402569       n/a
    --------------------------------------------------------

  ==> Computing 2 Coupling Lists <==

        αα         1.187e-04 seconds
        ββ         1.135e-04 seconds
        αβ         2.658e-04 seconds
  Time spent building 2-rdm: 5.920e-05 seconds

  ==> Optimizing Orbitals for Current RDMs <==

  L-BFGS Iter:  1; fx =  -56.291988402569075; g_norm = 7.884555e-10; step = 1.000e+00
  L-BFGS Iter:  2; fx =  -56.291988402569054; g_norm = 3.434815e-10; step = 1.000e+00
  L-BFGS Iter:  3; fx =  -56.291988402569068; g_norm = 1.866864e-10; step = 1.000e+00
  L-BFGS Iter:  4; fx =  -56.291988402569068; g_norm = 1.866864e-10; step = 1.000e+00

  ==> MCSCF Macro Iter. 12 <==

             Energy CI (  Delta E  )         Energy Opt. (  Delta E  )  E_OPT - E_CI   Orbital RMS  Micro  DIIS
      -56.291988402569 (-5.6843e-14)    -56.291988402569 ( 0.0000e+00)    4.2633e-14    2.0062e-10    4/N   S

  ==> Summary of Active Space Solver Input <==

    Irrep.  Multi.(2ms)      N
    --------------------------
       A1      1  (  0)      1
    --------------------------
    N: number of roots
    ms: spin z component
    Total number of roots:   1
    --------------------------


  ==> General Determinant-Based CI Solver <==

  Number of active orbitals: 7
  Number of active alpha electrons: 5
  Number of active beta electrons: 5

  ==> GAS Orbital Energies from SCF <==

    GAS        Energy  Index
    ------------------------
     1   -20.56899957      0
     2    -1.32060927      1
     2    -0.56393045      2
     2     0.20246590      3
     2    -0.49500394      4
     2    -0.67872419      5
     2     0.29271934      6
    ------------------------

  ==> Number of Electrons in GAS <==

    GAS  MAX  MIN
    -------------
      1    1    0
      2   10    0
    -------------

  ==> Possible Electron Occupations in GAS <==

    Config.  1_A  1_B  2_A  2_B
    ---------------------------
         1     1    0    4    5
         2     0    1    5    4
         3     0    0    5    5
    ---------------------------
    n_A/B: # of alpha/beta electrons in GASn

  ==> Building GAS Determinants <==

    Config.  #Determinants     Time/s
    ---------------------------------
         1              27  4.670e-05
         2              27  3.270e-05
         3              14  2.550e-05
    ---------------------------------
    Total:              68  1.528e-04
    ---------------------------------
  Number of determinants (GAS): 68

  ==> Diagonalizing Hamiltonian Singlet (Ms = 0) A1 <==

  Reading wave function from disk as initial guess: Success!

  Davidson-Liu solver algorithm using SigmaVectorFull sigma algorithm

  Performing diagonalization of the H matrix
  Found 33 roots with 2S+1 = 1 *
  Found 31 roots with 2S+1 = 3
  Found 4 roots with 2S+1 = 5

  Done diagonalizing Hamiltonian, 1.347e-03 seconds.

  ==> Computing 1 Coupling Lists <==

        α          7.990e-05 seconds
        β          6.360e-05 seconds
  Time spent building 1-rdm: 3.080e-05 seconds

  ==> CI Vectors & Occupation Number for Singlet (Ms = 0) A1 <==

  Important determinants with coefficients |C| >= 5.000e-02

  ---- Root No. 0 ----

       A1 B1 B2    Coefficients
    ---------------------------
     a22b  2 20    0.6707079727
     b22a  2 20    0.6707079727
     b22a  2 ab    0.1411444889
     a22b  2 ba    0.1411444889
     a2b2  2 20   -0.0987114672
     b2a2  2 20   -0.0987114672
     a22b  2 ab    0.0846715947
     b22a  2 ba    0.0846715947
     ab22  2 20   -0.0796044593
     ba22  2 20   -0.0796044593
     b22b  2 aa   -0.0564728942
     a22a  2 bb   -0.0564728942
    ---------------------------

    Occupation Numbers:
        1B1   1.99988729    2A1   1.98605788    3A1   1.97745408    1B2   1.92896740
        4A1   1.03342646    1A1   0.99993987    2B2   0.07426702

    Total Energy:  -56.291988402569139

  ==> Permanent Dipole Moments [e a0] for Singlet (Ms = 0) A1 <==

       State           DM_X           DM_Y           DM_Z           |DM|
    --------------------------------------------------------------------
         0A1     0.00000000     0.00000000    -0.06437550     0.06437550
    --------------------------------------------------------------------

  ==> Energy Summary <==

    Multi.(2ms)  Irrep.  No.               Energy      <S^2>
    --------------------------------------------------------
       1  (  0)    A1     0      -56.291988402569       n/a
    --------------------------------------------------------

  ==> Computing 2 Coupling Lists <==

        αα         1.096e-04 seconds
        ββ         1.050e-04 seconds
        αβ         2.497e-04 seconds
  Time spent building 2-rdm: 7.120e-05 seconds

  ==> Optimizing Orbitals for Current RDMs <==

  L-BFGS Iter:  1; fx =  -56.291988402569125; g_norm = 1.656533e-10; step = 1.000e+00
  L-BFGS Iter:  2; fx =  -56.291988402569125; g_norm = 6.911157e-11; step = 1.000e+00

  ==> MCSCF Macro Iter. 13 <==

             Energy CI (  Delta E  )         Energy Opt. (  Delta E  )  E_OPT - E_CI   Orbital RMS  Micro  DIIS
      -56.291988402569 (-2.8422e-14)    -56.291988402569 (-5.6843e-14)    1.4211e-14    3.0658e-11    2/Y

  A miracle has come to pass: MCSCF iterations have converged!

  ==> MCSCF Iteration Summary <==

                      Energy CI                    Energy Orbital
           ------------------------------  ------------------------------
    Iter.        Total Energy       Delta        Total Energy       Delta  Orb. Grad.  Micro
    ----------------------------------------------------------------------------------------
       1     -55.841944166829  0.0000e+00    -56.268311837547  0.0000e+00  9.4843e-03     4
       2     -56.282209588491 -4.4027e-01    -56.290581888914 -2.2270e-02  1.0280e-02     4
       3     -56.291615098629 -9.4055e-03    -56.291934259170 -1.3524e-03  6.3942e-03     4
       4     -56.291972844807 -3.5775e-04    -56.291985699893 -5.1441e-05  7.8271e-04     4
       5     -56.291988239762 -1.5395e-05    -56.291988370791 -2.6709e-06  1.2723e-04     4
       6     -56.291988386189 -1.4643e-07    -56.291988397988 -2.7197e-08  1.2508e-05     4
       7     -56.291988402063 -1.5874e-08    -56.291988402463 -4.4757e-09  9.9065e-06     4
       8     -56.291988402551 -4.8723e-10    -56.291988402564 -1.0022e-10  5.0105e-07     4
       9     -56.291988402568 -1.7906e-11    -56.291988402569 -5.1017e-12  3.7662e-07     4
      10     -56.291988402569 -7.2475e-13    -56.291988402569 -3.2685e-13  1.8752e-08     4
      11     -56.291988402569  9.9476e-14    -56.291988402569  5.6843e-14  1.8330e-09     4
      12     -56.291988402569 -5.6843e-14    -56.291988402569  0.0000e+00  2.0062e-10     4
      13     -56.291988402569 -2.8422e-14    -56.291988402569 -5.6843e-14  3.0658e-11     2
    ----------------------------------------------------------------------------------------

       -----------------------------------------------------------------
                            Semi-Canonical Orbitals
         Chenyang Li, Jeffrey B. Schriber and Francesco A. Evangelista
       -----------------------------------------------------------------


  ==> Checking Fock Matrix Diagonal Blocks <==

    Off-Diag. Elements       Max           2-Norm
    ------------------------------------------------
    GAS1                 0.0000000000   0.0000000000
    GAS2                 0.2139785749   0.3963171073
    RESTRICTED_UOCC      0.1963337633   0.5027382361
    ------------------------------------------------
  Timing for semi-canonicalizing orbitals:                    0.000 s.

  ==> Summary of Active Space Solver Input <==

    Irrep.  Multi.(2ms)      N
    --------------------------
       A1      1  (  0)      1
    --------------------------
    N: number of roots
    ms: spin z component
    Total number of roots:   1
    --------------------------


  ==> General Determinant-Based CI Solver <==

  Number of active orbitals: 7
  Number of active alpha electrons: 5
  Number of active beta electrons: 5

  ==> GAS Orbital Energies from SCF <==

    GAS        Energy  Index
    ------------------------
     1   -20.56899957      0
     2    -1.32060927      1
     2    -0.56393045      2
     2     0.20246590      3
     2    -0.49500394      4
     2    -0.67872419      5
     2     0.29271934      6
    ------------------------

  ==> Number of Electrons in GAS <==

    GAS  MAX  MIN
    -------------
      1    1    0
      2   10    0
    -------------

  ==> Possible Electron Occupations in GAS <==

    Config.  1_A  1_B  2_A  2_B
    ---------------------------
         1     1    0    4    5
         2     0    1    5    4
         3     0    0    5    5
    ---------------------------
    n_A/B: # of alpha/beta electrons in GASn

  ==> Building GAS Determinants <==

    Config.  #Determinants     Time/s
    ---------------------------------
         1              27  5.150e-05
         2              27  3.450e-05
         3              14  2.670e-05
    ---------------------------------
    Total:              68  1.636e-04
    ---------------------------------
  Number of determinants (GAS): 68

  ==> Diagonalizing Hamiltonian Singlet (Ms = 0) A1 <==

  Reading wave function from disk as initial guess: Success!

  Davidson-Liu solver algorithm using SigmaVectorFull sigma algorithm

  Performing diagonalization of the H matrix
  Found 33 roots with 2S+1 = 1 *
  Found 31 roots with 2S+1 = 3
  Found 4 roots with 2S+1 = 5

  Done diagonalizing Hamiltonian, 1.498e-03 seconds.

  ==> Computing 1 Coupling Lists <==

        α          6.930e-05 seconds
        β          6.700e-05 seconds
  Time spent building 1-rdm: 3.240e-05 seconds

  ==> CI Vectors & Occupation Number for Singlet (Ms = 0) A1 <==

  Important determinants with coefficients |C| >= 5.000e-02

  ---- Root No. 0 ----

       A1 B1 B2    Coefficients
    ---------------------------
     a22b  2 20   -0.6990121078
     b22a  2 20   -0.6990121078
     b22a  2 02    0.0629104059
     a22b  2 02    0.0629104059
     b22b  2 aa    0.0590913242
     a22a  2 bb    0.0590913242
    ---------------------------

    Occupation Numbers:
        1B1   1.99988729    2A1   1.99846297    3A1   1.99702060    1B2   1.97135491
        4A1   1.00145485    1A1   0.99993987    2B2   0.03187951

    Total Energy:  -56.291988402569139

  ==> Permanent Dipole Moments [e a0] for Singlet (Ms = 0) A1 <==

       State           DM_X           DM_Y           DM_Z           |DM|
    --------------------------------------------------------------------
         0A1     0.00000000     0.00000000    -0.06437550     0.06437550
    --------------------------------------------------------------------

  ==> Energy Summary <==

    Multi.(2ms)  Irrep.  No.               Energy      <S^2>
    --------------------------------------------------------
       1  (  0)    A1     0      -56.291988402569       n/a
    --------------------------------------------------------

  Time to prepare integrals:        0.020 seconds
  Time to run job          :        0.617 seconds
  Total                    :        0.637 seconds
    GASSCF energy.........................................................................PASSED

Scratch directory: /tmp/

  Forte
  ----------------------------------------------------------------------------
  A suite of quantum chemistry methods for strongly correlated electrons

    git branch: HEAD - git commit: 546ee104

  Developed by:
    Francesco A. Evangelista, Chenyang Li, Kevin P. Hannon,
    Jeffrey B. Schriber, Tianyuan Zhang, Chenxi Cai,
    Nan He, Nicholas Stair, Shuhe Wang, Renke Huang
  ----------------------------------------------------------------------------

  Size of Determinant class: 128 bits

  Preparing forte objects from a Psi4 Wavefunction object
  Read options for space GAS1
  Read options for space GAS2
  Read options for space GAS1
  Read options for space GAS2

  ==> MO Space Information <==

  -------------------------------------------------
                       A1    A2    B1    B2   Sum
  -------------------------------------------------
    FROZEN_DOCC         0     0     0     0     0
    RESTRICTED_DOCC     0     0     0     0     0
    GAS1                1     0     0     0     1
    GAS2                3     0     1     2     6
    GAS3                0     0     0     0     0
    GAS4                0     0     0     0     0
    GAS5                0     0     0     0     0
    GAS6                0     0     0     0     0
    RESTRICTED_UOCC     8     2     3     5    18
    FROZEN_UOCC         0     0     0     0     0
    Total              12     2     4     7    25
  -------------------------------------------------   => Loading Basis Set <=

    Name: 6-31G**
    Role: ORBITAL
    Keyword: BASIS
    atoms 1   entry O          line   149 file /home/mhuang/psi4_install/share/psi4/basis/6-31gss.gbs 
    atoms 2-3 entry H          line    44 file /home/mhuang/psi4_install/share/psi4/basis/6-31gss.gbs 


  Checking orbital orthonormality against current geometry ... Done (OK)

   => Loading Basis Set <=

    Name: STO-3G
    Role: ORBITAL
    Keyword: MINAO_BASIS
    atoms 1   entry O          line    81 file /home/mhuang/psi4_install/share/psi4/basis/sto-3g.gbs 
    atoms 2-3 entry H          line    19 file /home/mhuang/psi4_install/share/psi4/basis/sto-3g.gbs 


  ==> List of Planes Requested <==

  Forte will use psi4 integrals

  ==> Primary Basis Set Summary <==

  Basis Set: 6-31G**
    Blend: 6-31G**
    Number of shells: 12
    Number of basis functions: 25
    Number of Cartesian functions: 25
    Spherical Harmonics?: false
    Max angular momentum: 2


  JK created using conventional PK integrals
  Using in-core PK algorithm.
   Calculation information:
      Number of atoms:                   3
      Number of AO shells:              12
      Number of primitives:             25
      Number of atomic orbitals:        25
      Number of basis functions:        25

      Integral cutoff                 1.00e-12
      Number of threads:                 1

  Performing in-core PK
  Using 105950 doubles for integral storage.
  We computed 3081 shell quartets total.
  Whereas there are 3081 unique shell quartets.

  ==> DiskJK: Disk-Based J/K Matrices <==

    J tasked:                  Yes
    K tasked:                  Yes
    wK tasked:                  No
    Memory [MiB]:              762
    Schwarz Cutoff:          1E-12

    OpenMP threads:              1



  ==> Integral Transformation <==

  Number of molecular orbitals:                         25
  Number of correlated molecular orbitals:              25
  Number of frozen occupied orbitals:                    0
  Number of frozen unoccupied orbitals:                  0
  Two-electron integral type:                 Conventional


  Computing Conventional Integrals	Presorting SO-basis two-electron integrals.
	Sorting File: SO Ints (nn|nn) nbuckets = 1
	Constructing frozen core operators
	Starting first half-transformation.
	Sorting half-transformed integrals.
	First half integral transformation complete.
	Starting second half-transformation.
	Two-electron integral transformation complete.

  Integral transformation done. 0.03805230 s
  Reading the two-electron integrals from disk
  Size of two-electron integrals:   0.008731 GB
  Timing for conventional integral transformation:            0.067 s.
  Timing for freezing core and virtual orbitals:              0.000 s.
  Timing for computing conventional integrals:                0.067 s.

  ==> Summary of Active Space Solver Input <==

    Irrep.  Multi.(2ms)      N
    --------------------------
       A1      1  (  0)      1
    --------------------------
    N: number of roots
    ms: spin z component
    Total number of roots:   1
    --------------------------


  ==> General Determinant-Based CI Solver <==

  Number of active orbitals: 7
  Number of active alpha electrons: 5
  Number of active beta electrons: 5

  ==> GAS Orbital Energies from SCF <==

    GAS        Energy  Index
    ------------------------
     1   -20.56899957      0
     2    -1.32060927      1
     2    -0.56393045      2
     2     0.20246590      3
     2    -0.49500394      4
     2    -0.67872419      5
     2     0.29271934      6
    ------------------------

  ==> Number of Electrons in GAS <==

    GAS  MAX  MIN
    -------------
      1    1    0
      2   10    0
    -------------

  ==> Possible Electron Occupations in GAS <==

    Config.  1_A  1_B  2_A  2_B
    ---------------------------
         1     1    0    4    5
         2     0    1    5    4
         3     0    0    5    5
    ---------------------------
    n_A/B: # of alpha/beta electrons in GASn

  ==> Building GAS Determinants <==

    Config.  #Determinants     Time/s
    ---------------------------------
         1              27  4.840e-05
         2              27  3.300e-05
         3              14  2.680e-05
    ---------------------------------
    Total:              68  1.566e-04
    ---------------------------------
  Number of determinants (GAS): 68

  ==> Diagonalizing Hamiltonian Singlet (Ms = 0) A1 <==


  Davidson-Liu solver algorithm using SigmaVectorFull sigma algorithm

  Performing diagonalization of the H matrix
  Found 33 roots with 2S+1 = 1 *
  Found 31 roots with 2S+1 = 3
  Found 4 roots with 2S+1 = 5

  Done diagonalizing Hamiltonian, 1.073e-03 seconds.

  ==> Computing 1 Coupling Lists <==

        α          6.510e-05 seconds
        β          6.550e-05 seconds
  Time spent building 1-rdm: 3.070e-05 seconds

  ==> CI Vectors & Occupation Number for Singlet (Ms = 0) A1 <==

  Important determinants with coefficients |C| >= 5.000e-02

  ---- Root No. 0 ----

       A1 B1 B2    Coefficients
    ---------------------------
     a22b  2 20   -0.6990121078
     b22a  2 20   -0.6990121078
     b22a  2 02    0.0629104059
     a22b  2 02    0.0629104059
     b22b  2 aa    0.0590913242
     a22a  2 bb    0.0590913242
    ---------------------------

    Occupation Numbers:
        1B1   1.99988729    2A1   1.99846297    3A1   1.99702060    1B2   1.97135491
        4A1   1.00145485    1A1   0.99993987    2B2   0.03187951

    Total Energy:  -56.291988402569139

  ==> Permanent Dipole Moments [e a0] for Singlet (Ms = 0) A1 <==

       State           DM_X           DM_Y           DM_Z           |DM|
    --------------------------------------------------------------------
         0A1     0.00000000     0.00000000    -0.06437550     0.06437550
    --------------------------------------------------------------------

  ==> Energy Summary <==

    Multi.(2ms)  Irrep.  No.               Energy      <S^2>
    --------------------------------------------------------
       1  (  0)    A1     0      -56.291988402569       n/a
    --------------------------------------------------------

  ==> Computing 2 Coupling Lists <==

        αα         1.241e-04 seconds
        ββ         1.241e-04 seconds
        αβ         3.855e-04 seconds
  Time spent building 2-rdm: 6.710e-05 seconds

  ==> Computing 3 Coupling Lists <==

        ααα        1.074e-04 seconds
        ααβ        4.502e-04 seconds
        αββ        4.123e-04 seconds
        βββ        2.623e-04 seconds
  Time spent building 3-rdm: 1.491e-03 seconds

       -----------------------------------------------------------------
                            Semi-Canonical Orbitals
         Chenyang Li, Jeffrey B. Schriber and Francesco A. Evangelista
       -----------------------------------------------------------------

  Took 0.001119 s to build Fock matrix

  ==> Checking Fock Matrix Diagonal Blocks <==

    Off-Diag. Elements       Max           2-Norm
    ------------------------------------------------
    GAS1                 0.0000000000   0.0000000000
    GAS2                 0.0000000000   0.0000000000
    RESTRICTED_UOCC      0.0000000000   0.0000000000
    ------------------------------------------------
  Orbitals are already semi-canonicalized.

    -----------------------------------------------------------------------
      Spin-Adapted Multireference Driven Similarity Renormalization Group
                            written by Chenyang Li
                                 1 OMP thread
    -----------------------------------------------------------------------

  Disclaimer:
    The spin-adapted DSRG code is largely adopted from the spin-integrated code developed by
    Chenyang Li, Kevin P. Hannon, Tianyuan Zhang, and Francesco A. Evangelista.

  ==> Multireference Driven Similarity Renormalization Group <==

    Computing Fock matrix and cleaning JK ....... Done. Timing      0.001 s
    Reading DSRG options ........................ Done. Timing      0.000 s
    Setting ambit MO space ...................... Done. Timing      0.000 s
    Initializing density cumulants .............. Done. Timing      0.000 s
    Filling Fock matrix from ForteIntegrals ..... Done. Timing      0.000 s

  ==> Density Cumulant Summary <==

             2-cumulant   3-cumulant
    --------------------------------
    max        1.473499     0.112971
    2-norm     2.253879     0.744199
    --------------------------------

  ==> Checking Semicanonical Orbitals <==

    Block                Max            Mean
    ----------------------------------------
    CORE        0.0000000000    0.0000000000
    VIRTUAL     0.0000000000    0.0000000000
    GAS1        0.0000000000    0.0000000000
    GAS2        0.0000000000    0.0000000000
    ----------------------------------------
    Orbitals are semi-canonicalized.

                  --------------------------------------------
                    MR-DSRG Second-Order Perturbation Theory
                  --------------------------------------------


  ==> Computation Information <==

    Integral type                               CONVENTIONAL
    Source operator                                 STANDARD
    Core-Virtual source type                          NORMAL
    Reference relaxation                                NONE
    State type                                  SINGLE STATE
    Internal amplitudes levels                          NONE
    Flow parameter                                 1.000e+00
    Taylor expansion threshold                     1.000e-03
    Intruder amplitudes threshold                  1.000e-01
    Number of amplitudes for printing                     15


  ==> DSRG-MRPT2 Memory Information <==

    Memory assigned by the user                      1.00 GB
    Memory available for MR-DSRG                   892.79 MB
    Generalized Fock matrix                          5.20 KB
    1-, 2-, and 3-density cumulants                  0.96 MB
    2-electron (4-index) integrals                 245.00 KB
    T2 cluster amplitudes                          245.00 KB
    T1 cluster amplitudes                            1.40 KB
    Local 1- and 2-body intermediates               19.60 KB
    Max memory for local intermediates              19.60 KB
    Memory currently available                     891.33 MB

    Initializing integrals ...................... Done. Timing      0.002 s
    Allocating amplitudes ....................... Done. Timing      0.000 s
    Computing T2 amplitudes ..................... Done. Timing      0.003 s
    Computing T1 amplitudes ..................... Done. Timing      0.001 s

  ==> First-Order Excitation Amplitudes Summary <==

    Active Indices:    0    1    2    3   14   18   19
    Largest T1 amplitudes (absolute values):
        i    a                i    a                i    a
    -----------------------------------------------------------------
    [  19   24] 0.0866401 [  19   20] 0.0850736 [  19   21] 0.0587094
    [  19   23] 0.0567136 [  19   22] 0.0173793 [   3    4] 0.0130604
    [   3    5] 0.0124182 [   3   10] 0.0101607 [   0   10] 0.0066946
    [   0   11] 0.0066232 [   3    8] 0.0060905 [   3    6] 0.0059233
    [  18   20] 0.0053667 [   3   11] 0.0052374 [  18   21] 0.0049209
    -----------------------------------------------------------------
    2-Norm of T1 vector:                            0.149741198294411
    Number of nonzero elements:                                    45
    -----------------------------------------------------------------
    Largest T2 amplitudes (absolute values):
        i    j    a    b                i    j    a    b                i    j    a    b
    -----------------------------------------------------------------------------------------------
    [   0   14    0   15] 0.2630352 [   0    2    0    4] 0.2286714 [  14   14   14   15] 0.1242854
    [   2    2    2    4] 0.1067694 [   1   14    1   15] 0.1046265 [   2   14    2   15] 0.1032907
    [   0    3    0    4] 0.0998866 [  14    2   14    4] 0.0959078 [   0   18    0   21] 0.0912981
    [  18   14   18   15] 0.0900055 [   1    2    1    4] 0.0898746 [   0    1    0    5] 0.0835586
    [   0    3    0    5] 0.0830232 [   0    3    0    6] 0.0787069 [  18    2   18    4] 0.0760963
    -----------------------------------------------------------------------------------------------
    2-Norm of T2 vector:                                                          0.977770791726682
    Number of nonzero elements:                                                                8048
    -----------------------------------------------------------------------------------------------

  ==> Possible Intruders <==

    T1 amplitudes larger than 0.1000: NULL
    T2 amplitudes larger than 0.1000:
     Amplitudes      Value                   Denominator
    ----------------------------------------------------------------------------------------------------
    [   0   14    0   15]  -0.263035233 (-21.252783 +  -0.778421 - -21.252783 -   0.916562 =  -1.694983)
    [   0    2    0    4]   0.228671436 (-21.252783 +  -0.839286 - -21.252783 -   0.865439 =  -1.704725)
    [  14   14   14   15]  -0.124285373 ( -0.778421 +  -0.778421 -  -0.778421 -   0.916562 =  -1.694983)
    [   2    2    2    4]   0.106769397 ( -0.839286 +  -0.839286 -  -0.839286 -   0.865439 =  -1.704725)
    [   1   14    1   15]  -0.104626515 ( -1.581581 +  -0.778421 -  -1.581581 -   0.916562 =  -1.694983)
    [   2   14    2   15]  -0.103290735 ( -0.839286 +  -0.778421 -  -0.839286 -   0.916562 =  -1.694983)
    ----------------------------------------------------------------------------------------------------
    Renormalizing 2-body integrals .............. Done. Timing      0.003 s
    Renormalizing 1-body integrals .............. Done. Timing      0.001 s
    Computing <0|[Fr, T1]|0> .................... Done. Timing      0.000 s
    Computing <0|[Fr, T2]|0> .................... Done. Timing      0.000 s
    Computing <0|[Vr, T1]|0> .................... Done. Timing      0.000 s
    Computing <0|[Vr, T2]|0> .................... Done. Timing      0.004 s

  ==> DSRG-MRPT2 Energy Summary <==

    E0 (reference)                 =    -56.291988402569089
    < Phi_0 | [Fr, T1] | Phi_0 >   =     -0.007386884477102
    < Phi_0 | [Fr, T2] | Phi_0 >   =      0.001453878014241
    < Phi_0 | [Vr, T1] | Phi_0 >   =      0.001073230510944
    < Phi_0 | [Vr, T2] | Phi_0 >   =     -0.165954772665616
      - [Vr, T2] L1 contribution   =     -0.515363768005333
      - [Vr, T2] L2 contribution   =      0.349505100015277
      - [Vr, T2] L3 contribution   =     -0.000096104675560
    DSRG-MRPT2 correlation energy  =     -0.170814548617533
    DSRG-MRPT2 total energy        =    -56.462802951186625

  ==> Total Timings (s) for Computing Commutators <==

             [H1, T1]    [H1, T2]    [H2, T1]    [H2, T2]
    -----------------------------------------------------
    -> C0       0.000       0.000       0.000       0.004
    -> C1       0.000       0.000       0.000       0.000
    -> C2                   0.000       0.000       0.000
    -----------------------------------------------------


  Time to prepare integrals:        0.094 seconds
  Time to run job          :        0.042 seconds
  Total                    :        0.135 seconds
    GASSCF-DSRG-MRPT2 energy..............................................................PASSED

    Psi4 stopped on: Friday, 30 July 2021 07:33PM
    Psi4 wall time for execution: 0:00:01.34

*** Psi4 exiting successfully. Buy a developer a beer!
