
    -----------------------------------------------------------------------
          Psi4: An Open-Source Ab Initio Electronic Structure Package
                               Psi4 1.4a3.dev225 

                         Git: Rev {HEAD} 7105e37 


    D. G. A. Smith, L. A. Burns, A. C. Simmonett, R. M. Parrish,
    M. C. Schieber, R. Galvelis, P. Kraus, H. Kruse, R. Di Remigio,
    A. Alenaizan, A. M. James, S. Lehtola, J. P. Misiewicz, M. Scheurer,
    R. A. Shaw, J. B. Schriber, Y. Xie, Z. L. Glick, D. A. Sirianni,
    J. S. O'Brien, J. M. Waldrop, A. Kumar, E. G. Hohenstein,
    B. P. Pritchard, B. R. Brooks, H. F. Schaefer III, A. Yu. Sokolov,
    K. Patkowski, A. E. DePrince III, U. Bozkaya, R. A. King,
    F. A. Evangelista, J. M. Turney, T. D. Crawford, C. D. Sherrill,
    J. Chem. Phys. 152(18) 184108 (2020). https://doi.org/10.1063/5.0006002

                            Additional Code Authors
    E. T. Seidl, C. L. Janssen, E. F. Valeev, M. L. Leininger,
    J. F. Gonthier, R. M. Richard, H. R. McAlexander, M. Saitow, X. Wang,
    P. Verma, and M. H. Lechner

             Previous Authors, Complete List of Code Contributors,
                       and Citations for Specific Modules
    https://github.com/psi4/psi4/blob/master/codemeta.json
    https://github.com/psi4/psi4/graphs/contributors
    http://psicode.org/psi4manual/master/introduction.html#citing-psifour

    -----------------------------------------------------------------------


    Psi4 started on: Friday, 30 July 2021 07:38PM

    Process ID: 17961
    Host:       DESKTOP-SQPD2D3
    PSIDATADIR: /home/mhuang/psi4_install/share/psi4
    Memory:     500.0 MiB
    Threads:    1
    
  ==> Input File <==

--------------------------------------------------------------------------
import forte

memory 2 gb

escf = -304.905779549494
efix = -305.390029652734
eaci = -305.3981015635

molecule ene2{
0 1

    C            0.335863347908    -0.638024351991     0.000000000207
    H            1.432938644893    -0.620850793123     0.000000000280
    C           -0.296842800370    -1.839541056853     0.000000000164
    H           -1.393739522764    -1.860704439495     0.000000000280
    C            0.383204758655    -3.118962138239     0.000000000233
    H            1.479554406702    -3.087254985300     0.000000001289
    C           -0.237579194060    -4.313790051647    -0.000000000740
    H            0.325161338012    -5.249189944735    -0.000000000503
    H           -1.329245280272    -4.386987205251    -0.000000001655
    C           -0.335863360640     0.638024352182     0.000000000468
    H           -1.432938656420     0.620850793004     0.000000000922
    C            0.296842792408     1.839541055584     0.000000000041
    H            1.393739512934     1.860704430863    -0.000000000539
    C           -0.383204755743     3.118962141979     0.000000000141
    H           -1.479554404938     3.087254999541     0.000000000472
    C            0.237579209937     4.313790049182    -0.000000000431
    H            1.329245296894     4.386987192215    -0.000000001010
    H           -0.325161312367     5.249189949931    -0.000000000534

units angstrom
symmetry c1
}

set {
  basis sto-3g
  df_basis_mp2 cc-pvdz-ri
  df_basis_scf cc-pvdz-jkfit
  scf_type df
  guess sad
  maxiter 500
  e_convergence 11
  d_convergence 11
  reference rhf
  ints_tolerance 0.0
}

set forte {
  multiplicity 1
  int_type df
  correlation_solver three-dsrg-mrpt2
  active_space_solver  aci
  frozen_docc      [8]
  restricted_docc  [17]
  active           [8]
  sigma 0.001
  diag_algorithm dynamic
  sci_direct_rdms true
  aci_screen_alg batch_vec
  dsrg_s 1.0e10
  aci_nbatch 4
  nroot 1
  root_sym 0
  charge 0
  print_no true
  relax_ref once
  e_convergence 13
}
set_num_threads(8)

e, scf_wfn = energy('scf', return_wfn=True)

compare_values(escf,variable("CURRENT ENERGY"), 8, "SCF energy")

ea, awfn = energy('forte', ref_wfn=scf_wfn, return_wfn=True)
compare_values(efix,variable("UNRELAXED ENERGY"), 8, "ACI-DSRG-MRPT2 fixed energy")
compare_values(eaci,variable("CURRENT ENERGY"), 8, "ACI-DSRG-MRPT2 relaxed energy")
--------------------------------------------------------------------------

  Memory set to   1.863 GiB by Python driver.
  Threads set to 8 by Python driver.

Scratch directory: /tmp/

*** tstart() called on DESKTOP-SQPD2D3
*** at Fri Jul 30 19:38:11 2021

   => Loading Basis Set <=

    Name: STO-3G
    Role: ORBITAL
    Keyword: BASIS
    atoms 1, 3, 5, 7, 10, 12, 14, 16      entry C          line    61 file /home/mhuang/psi4_install/share/psi4/basis/sto-3g.gbs 
    atoms 2, 4, 6, 8-9, 11, 13, 15, 17-18 entry H          line    19 file /home/mhuang/psi4_install/share/psi4/basis/sto-3g.gbs 


         ---------------------------------------------------------
                                   SCF
               by Justin Turney, Rob Parrish, Andy Simmonett
                          and Daniel G. A. Smith
                              RHF Reference
                        8 Threads,   1907 MiB Core
         ---------------------------------------------------------

  ==> Geometry <==

    Molecular point group: c1
    Full point group: Cs

    Geometry (in Angstrom), charge = 0, multiplicity = 1:

       Center              X                  Y                   Z               Mass       
    ------------   -----------------  -----------------  -----------------  -----------------
         C            0.335863347908    -0.638024351991     0.000000000207    12.000000000000
         H            1.432938644893    -0.620850793123     0.000000000280     1.007825032230
         C           -0.296842800370    -1.839541056853     0.000000000164    12.000000000000
         H           -1.393739522764    -1.860704439495     0.000000000280     1.007825032230
         C            0.383204758655    -3.118962138239     0.000000000233    12.000000000000
         H            1.479554406702    -3.087254985300     0.000000001289     1.007825032230
         C           -0.237579194060    -4.313790051647    -0.000000000740    12.000000000000
         H            0.325161338012    -5.249189944735    -0.000000000503     1.007825032230
         H           -1.329245280272    -4.386987205251    -0.000000001655     1.007825032230
         C           -0.335863360640     0.638024352182     0.000000000468    12.000000000000
         H           -1.432938656420     0.620850793004     0.000000000922     1.007825032230
         C            0.296842792408     1.839541055584     0.000000000041    12.000000000000
         H            1.393739512934     1.860704430863    -0.000000000539     1.007825032230
         C           -0.383204755743     3.118962141979     0.000000000141    12.000000000000
         H           -1.479554404938     3.087254999541     0.000000000472     1.007825032230
         C            0.237579209937     4.313790049182    -0.000000000431    12.000000000000
         H            1.329245296894     4.386987192215    -0.000000001010     1.007825032230
         H           -0.325161312367     5.249189949931    -0.000000000534     1.007825032230

  Running in c1 symmetry.

  Rotational constants: A =      0.65101  B =      0.01889  C =      0.01836 [cm^-1]
  Rotational constants: A =  19516.70371  B =    566.30750  C =    550.33857 [MHz]
  Nuclear repulsion =  296.638713598584616

  Charge       = 0
  Multiplicity = 1
  Electrons    = 58
  Nalpha       = 29
  Nbeta        = 29

  ==> Algorithm <==

  SCF Algorithm Type is DF.
  DIIS enabled.
  MOM disabled.
  Fractional occupation disabled.
  Guess Type is SAD.
  Energy threshold   = 1.00e-11
  Density threshold  = 1.00e-11
  Integral threshold = 0.00e+00

  ==> Primary Basis <==

  Basis Set: STO-3G
    Blend: STO-3G
    Number of shells: 34
    Number of basis functions: 50
    Number of Cartesian functions: 50
    Spherical Harmonics?: true
    Max angular momentum: 1

   => Loading Basis Set <=

    Name: CC-PVDZ-JKFIT
    Role: JKFIT
    Keyword: DF_BASIS_SCF
    atoms 1, 3, 5, 7, 10, 12, 14, 16      entry C          line   121 file /home/mhuang/psi4_install/share/psi4/basis/cc-pvdz-jkfit.gbs 
    atoms 2, 4, 6, 8-9, 11, 13, 15, 17-18 entry H          line    51 file /home/mhuang/psi4_install/share/psi4/basis/cc-pvdz-jkfit.gbs 

  ==> Integral Setup <==

  DFHelper Memory: AOs need 0.020 GiB; user supplied 1.397 GiB. Using in-core AOs.

  ==> MemDFJK: Density-Fitted J/K Matrices <==

    J tasked:                   Yes
    K tasked:                   Yes
    wK tasked:                   No
    OpenMP threads:               8
    Memory [MiB]:              1430
    Algorithm:                 Core
    Schwarz Cutoff:           0E+00
    Mask sparsity (%):       0.0000
    Fitting Condition:        1E-10

   => Auxiliary Basis Set <=

  Basis Set: CC-PVDZ-JKFIT
    Blend: CC-PVDZ-JKFIT
    Number of shells: 282
    Number of basis functions: 790
    Number of Cartesian functions: 898
    Spherical Harmonics?: true
    Max angular momentum: 3

  Minimum eigenvalue in the overlap matrix is 1.8898432078E-01.
  Reciprocal condition number of the overlap matrix is 7.8991957051E-02.
    Using symmetric orthogonalization.

  ==> Pre-Iterations <==

  SCF Guess: Superposition of Atomic Densities via on-the-fly atomic UHF (no occupation information).

   -------------------------
    Irrep   Nso     Nmo    
   -------------------------
     A         50      50 
   -------------------------
    Total      50      50
   -------------------------

  ==> Iterations <==

                           Total Energy        Delta E     RMS |[F,P]|

   @DF-RHF iter SAD:  -298.84537634295793   -2.98845e+02   0.00000e+00 
   @DF-RHF iter   1:  -304.88498515518347   -6.03961e+00   2.57412e-03 DIIS
   @DF-RHF iter   2:  -304.90316313974853   -1.81780e-02   7.56006e-04 DIIS
   @DF-RHF iter   3:  -304.90539663868134   -2.23350e-03   3.32911e-04 DIIS
   @DF-RHF iter   4:  -304.90573394122811   -3.37303e-04   8.71046e-05 DIIS
   @DF-RHF iter   5:  -304.90577838999462   -4.44488e-05   1.42895e-05 DIIS
   @DF-RHF iter   6:  -304.90577953970308   -1.14971e-06   1.89821e-06 DIIS
   @DF-RHF iter   7:  -304.90577954990152   -1.01984e-08   4.96180e-07 DIIS
   @DF-RHF iter   8:  -304.90577955045910   -5.57577e-10   1.92489e-07 DIIS
   @DF-RHF iter   9:  -304.90577955053635   -7.72502e-11   6.81505e-08 DIIS
   @DF-RHF iter  10:  -304.90577955055056   -1.42109e-11   1.25982e-08 DIIS
   @DF-RHF iter  11:  -304.90577955055079   -2.27374e-13   1.52489e-09 DIIS
   @DF-RHF iter  12:  -304.90577955055090   -1.13687e-13   2.06578e-10 DIIS
   @DF-RHF iter  13:  -304.90577955055073    1.70530e-13   2.74670e-11 DIIS
   @DF-RHF iter  14:  -304.90577955055113   -3.97904e-13   1.04703e-11 DIIS
   @DF-RHF iter  15:  -304.90577955055085    2.84217e-13   2.39811e-12 DIIS
  Energy and wave function converged.


  ==> Post-Iterations <==

    Orbital Energies [Eh]
    ---------------------

    Doubly Occupied:                                                      

       1A    -11.031463     2A    -11.031463     3A    -11.030022  
       4A    -11.029944     5A    -11.029029     6A    -11.029029  
       7A    -11.017273     8A    -11.017272     9A     -1.054452  
      10A     -1.022461    11A     -0.972841    12A     -0.910398  
      13A     -0.799624    14A     -0.726577    15A     -0.712392  
      16A     -0.696778    17A     -0.608018    18A     -0.592151  
      19A     -0.566877    20A     -0.529785    21A     -0.507590  
      22A     -0.482012    23A     -0.466177    24A     -0.448857  
      25A     -0.431943    26A     -0.427940    27A     -0.379530  
      28A     -0.302489    29A     -0.205538  

    Virtual:                                                              

      30A      0.178749    31A      0.294211    32A      0.396674  
      33A      0.465433    34A      0.552373    35A      0.608844  
      36A      0.656945    37A      0.676380    38A      0.678211  
      39A      0.689426    40A      0.689961    41A      0.695974  
      42A      0.697874    43A      0.824020    44A      0.831403  
      45A      0.912966    46A      0.929715    47A      1.002591  
      48A      1.014854    49A      1.076008    50A      1.109031  

    Final Occupation by Irrep:
              A 
    DOCC [    29 ]

  @DF-RHF Final Energy:  -304.90577955055085

   => Energetics <=

    Nuclear Repulsion Energy =            296.6387135985846157
    One-Electron Energy =               -1000.9691385409487339
    Two-Electron Energy =                 399.4246453918132147
    Total Energy =                       -304.9057795505508466

Computation Completed


Properties will be evaluated at   0.000000,   0.000000,   0.000000 [a0]

Properties computed using the SCF density matrix

  Nuclear Dipole Moment: [e a0]
     X:     0.0000      Y:    -0.0000      Z:    -0.0000

  Electronic Dipole Moment: [e a0]
     X:    -0.0000      Y:     0.0000      Z:     0.0000

  Dipole Moment: [e a0]
     X:     0.0000      Y:     0.0000      Z:     0.0000     Total:     0.0000

  Dipole Moment: [D]
     X:     0.0000      Y:     0.0000      Z:     0.0000     Total:     0.0000


*** tstop() called on DESKTOP-SQPD2D3 at Fri Jul 30 19:38:12 2021
Module time:
	user time   =       4.34 seconds =       0.07 minutes
	system time =       0.37 seconds =       0.01 minutes
	total time  =          1 seconds =       0.02 minutes
Total time:
	user time   =       4.34 seconds =       0.07 minutes
	system time =       0.37 seconds =       0.01 minutes
	total time  =          1 seconds =       0.02 minutes
    SCF energy............................................................................PASSED

Scratch directory: /tmp/

  Forte
  ----------------------------------------------------------------------------
  A suite of quantum chemistry methods for strongly correlated electrons

    git branch: HEAD - git commit: 546ee104

  Developed by:
    Francesco A. Evangelista, Chenyang Li, Kevin P. Hannon,
    Jeffrey B. Schriber, Tianyuan Zhang, Chenxi Cai,
    Nan He, Nicholas Stair, Shuhe Wang, Renke Huang
  ----------------------------------------------------------------------------

  Size of Determinant class: 128 bits

  Preparing forte objects from a Psi4 Wavefunction object
  Read options for space FROZEN_DOCC
  Read options for space RESTRICTED_DOCC
  Read options for space ACTIVE
  Read options for space FROZEN_DOCC
  Read options for space RESTRICTED_DOCC

  ==> MO Space Information <==

  -------------------------------
                        A   Sum
  -------------------------------
    FROZEN_DOCC         8     8
    RESTRICTED_DOCC    17    17
    GAS1                8     8
    GAS2                0     0
    GAS3                0     0
    GAS4                0     0
    GAS5                0     0
    GAS6                0     0
    RESTRICTED_UOCC    17    17
    FROZEN_UOCC         0     0
    Total              50    50
  -------------------------------   => Loading Basis Set <=

    Name: STO-3G
    Role: ORBITAL
    Keyword: BASIS
    atoms 1, 3, 5, 7, 10, 12, 14, 16      entry C          line    61 file /home/mhuang/psi4_install/share/psi4/basis/sto-3g.gbs 
    atoms 2, 4, 6, 8-9, 11, 13, 15, 17-18 entry H          line    19 file /home/mhuang/psi4_install/share/psi4/basis/sto-3g.gbs 


  Checking orbital orthonormality against current geometry ... Done (OK)

   => Loading Basis Set <=

    Name: CC-PVDZ-RI
    Role: RIFIT
    Keyword: DF_BASIS_MP2
    atoms 1, 3, 5, 7, 10, 12, 14, 16      entry C          line   159 file /home/mhuang/psi4_install/share/psi4/basis/cc-pvdz-ri.gbs 
    atoms 2, 4, 6, 8-9, 11, 13, 15, 17-18 entry H          line    19 file /home/mhuang/psi4_install/share/psi4/basis/cc-pvdz-ri.gbs 

   => Loading Basis Set <=

    Name: STO-3G
    Role: ORBITAL
    Keyword: MINAO_BASIS
    atoms 1, 3, 5, 7, 10, 12, 14, 16      entry C          line    61 file /home/mhuang/psi4_install/share/psi4/basis/sto-3g.gbs 
    atoms 2, 4, 6, 8-9, 11, 13, 15, 17-18 entry H          line    19 file /home/mhuang/psi4_install/share/psi4/basis/sto-3g.gbs 


  ==> List of Planes Requested <==

  Forte will use psi4 integrals

  ==> Primary Basis Set Summary <==

  Basis Set: STO-3G
    Blend: STO-3G
    Number of shells: 34
    Number of basis functions: 50
    Number of Cartesian functions: 50
    Spherical Harmonics?: true
    Max angular momentum: 1


  JK created using MemDF integrals
  DFHelper Memory: AOs need 0.013 GiB; user supplied 1.490 GiB. Using in-core AOs.

  ==> MemDFJK: Density-Fitted J/K Matrices <==

    J tasked:                   Yes
    K tasked:                   Yes
    wK tasked:                   No
    OpenMP threads:               8
    Memory [MiB]:              1525
    Algorithm:                 Core
    Schwarz Cutoff:           1E-12
    Mask sparsity (%):       9.0400
    Fitting Condition:        1E-10

   => Auxiliary Basis Set <=

  Basis Set: CC-PVDZ-RI
    Blend: CC-PVDZ-RI
    Number of shells: 204
    Number of basis functions: 588
    Number of Cartesian functions: 678
    Spherical Harmonics?: true
    Max angular momentum: 3



  ==> Integral Transformation <==

  Number of molecular orbitals:                         50
  Number of correlated molecular orbitals:              42
  Number of frozen occupied orbitals:                    8
  Number of frozen unoccupied orbitals:                  0
  Two-electron integral type:              Density fitting


  Computing density fitted integrals 

  Number of auxiliary basis functions:  588
  Need 11.76 MB to store DF integrals
  DFHelper Memory: AOs need 0.013 GiB; user supplied 1.663 GiB. Using in-core AOs.

  ==> DFHelper <==
    NBF:                              50
    NAux:                            588
    Schwarz Cutoff:                1E-12
    Mask sparsity (%):                 9
    DFH Avail. Memory [GiB]:       1.663
    OpenMP threads:                    8
    Algorithm:                     STORE
    AO Core:                        True
    MO Core:                       False
    Hold Metric:                   False
    Metric Power:                 -0.500
    Fitting Condition:             1E-12
    Q Shell Max:                       7



  Transforming DF Integrals
  Timing for density-fitting transformation:                  0.057 s.

  Frozen-core energy        -397.044912338564188 a.u.
  Timing for frozen one-body operator:                        0.002 s.
  Resorting integrals after freezing core.
  Timing for resorting DF integrals:                          0.014 s.
  Timing for freezing core and virtual orbitals:              0.016 s.
  Timing for computing density-fitted integrals:              0.409 s.

  ==> Summary of Active Space Solver Input <==

    Irrep.  Multi.(2ms)      N
    --------------------------
        A      1  (  0)      1
    --------------------------
    N: number of roots
    ms: spin z component
    Total number of roots:   1
    --------------------------


--------------------------------------------------------------------------------
               Selected Configuration Interaction Excited States
  written by Jeffrey B. Schriber, Tianyuan Zhang, and Francesco A. Evangelista
--------------------------------------------------------------------------------

  ==> Calculation Information <==

  -----------------------------------------------------------------
    Multiplicity                             1    
    Symmetry                                 0    
    Number of roots                          1    
    Ms                                       0
    Excited Algorithm                        NONE
  -----------------------------------------------------------------
  Using 8 thread(s)
  Computing wavefunction for root 0

        ---------------------------------------------------------------
                      Adaptive Configuration Interaction
          written by Jeffrey B. Schriber and Francesco A. Evangelista
        ---------------------------------------------------------------

  ==> Reference Information <==

  There are 25 frozen orbitals.
  There are 8 active orbitals.

  ==> Calculation Information <==

  -----------------------------------------------------------------
    Multiplicity                             1    
    Symmetry                                 0    
    Number of roots                          1    
    Root used for properties                 0    
    Roots used for averaging                 1    
    Root averaging offset                    0    
    Sigma (Eh)                               1.00e-03
    Gamma (Eh^(-1))                          1.00e+00
    Convergence threshold                    1.00e-09
    Ms                                       0
    Diagonalization algorithm                DYNAMIC
    Excited Algorithm                        NONE
    Project out spin contaminants            True
    Enforce spin completeness of basis       True
    Enforce complete aimed selection         True
    Multiroot averaging                      Average
  -----------------------------------------------------------------
  Number of active orbitals: 8
  Number of active alpha electrons: 4
  Number of active beta electrons: 4
  Maximum reference space size: 1000
  Number of reference determinants: 225
  Reference generated from 7 MOs


  ---------------------------------- Cycle 0 -----------------------------------

  ==> Diagonalizing the Hamiltonian in the P space <==

  Initial P space dimension: 225
  Spin-complete dimension of the P space: 225 determinants

  SigmaVectorDynamic:
  Maximum memory   : 67108864 double
  Number of threads: 8


  Davidson-Liu solver algorithm using SigmaVectorDynamic sigma algorithm
  Initial guess determinants:         50

  Spin-adaptation of the initial guess based on minimum spin-complete subset
  Initial guess determinants do not form a spin-complete set. 8 determinant(s) missing

  Guess determinants after screening: 46

  Initial guess solutions
  ========================
  Number   2S+1   Selected
  ------------------------
    23       1       *
    21       3        
     2       5        
  ========================

  Setting initial guess and roots to project
  Adding guess 0        2S+1 = 1    E = -405.486296
  Adding guess 1        2S+1 = 1    E = -405.222499
  Projecting out guess  2S+1 = 3    E = -405.373273
  Projecting out guess  2S+1 = 3    E = -405.294236

  Projecting out 2 solutions

  ==> Diagonalizing Hamiltonian <==

  Energy   convergence: 1.00e-13
  Residual convergence: 1.00e-06
  -----------------------------------------------------
    Iter.      Avg. Energy       Delta_E     Res. Norm
  -----------------------------------------------------
      1     -405.486296194472  -4.055e+02  +1.302e-01
      2     -405.503714274489  -1.742e-02  +3.083e-02
      3     -405.504423818891  -7.095e-04  +1.104e-02
      4     -405.504527631766  -1.038e-04  +3.057e-03
      5     -405.504536783693  -9.152e-06  +1.381e-03
      6     -405.504538614834  -1.831e-06  +6.111e-04
      7     -405.504538939775  -3.249e-07  +1.619e-04
      8     -405.504538960261  -2.049e-08  +4.783e-05
      9     -405.504538962259  -1.998e-09  +1.757e-05
     10     -405.504538962540  -2.806e-10  +6.929e-06
     11     -405.504538962584  -4.462e-11  +3.273e-06
     12     -405.504538962594  -1.023e-11  +1.226e-06
     13     -405.504538962596  -1.478e-12  +4.279e-07
     14     -405.504538962596  -1.137e-13  +1.493e-07
     15     -405.504538962596  -5.684e-14  +5.799e-08
  -----------------------------------------------------
  The Davidson-Liu algorithm converged in 16 iterations.
  Davidson-Liu procedure took  0.080859 s
  Time spent diagonalizing H:   1.665401 s

    P-space  CI Energy Root   0        = -304.961117486897 Eh =   0.0000 eV, S^2 = 0.000000


 SigmaVectorDynamic:
 saa_time   : 2.613330e-02
 sbb_time   : 2.450400e-02
 sabab_time : 2.557900e-02

  ==> Finding the Q space <==

  Using BATCH_VEC screening algorithm
  Setting nbin to 1 based on estimated memory ( 1.331 MB)
  Overwriting nbin to 4 based on user input
 -----------------------------------------
                Bin 0
  Build: 0.000651
  Merge: 0.000033
  Inter-thread merge: 0.000283
    Build F                  0.001096 
    Build criteria vector    0.000032
    Screening                0.000098
    Added 122 dets of 3163 from bin 0
                Bin 1
  Build: 0.000411
  Merge: 0.000024
  Inter-thread merge: 0.000203
    Build F                  0.000728 
    Build criteria vector    0.000029
    Screening                0.000084
    Added 205 dets of 2752 from bin 1
                Bin 2
  Build: 0.000387
  Merge: 0.000027
  Inter-thread merge: 0.000150
    Build F                  0.000686 
    Build criteria vector    0.000024
    Screening                0.000088
    Added 232 dets of 2656 from bin 2
                Bin 3
  Build: 0.000378
  Merge: 0.000023
  Inter-thread merge: 0.000144
    Build F                  0.000619 
    Build criteria vector    0.000028
    Screening                0.000089
    Added 347 dets of 2529 from bin 3
 ------------------------------------
  Screened out 0.0004929199 Eh of correlation
  Added 1 missing determinants in aimed selection (find_q_space).
  Dimension of the PQ space:                  464
  Dimension of the PQ space (spin-complete) : 620
  Time spent building the model space: 0.004315

  ==> Diagonalizing the Hamiltonian in the P + Q space <==

  Number of reference roots: 1

  SigmaVectorDynamic:
  Maximum memory   : 67108864 double
  Number of threads: 8


  Davidson-Liu solver algorithm using SigmaVectorDynamic sigma algorithm
  Initial guess determinants:         50

  Spin-adaptation of the initial guess based on minimum spin-complete subset
  Initial guess determinants do not form a spin-complete set. 6 determinant(s) missing

  Guess determinants after screening: 44

  Initial guess solutions
  ========================
  Number   2S+1   Selected
  ------------------------
    23       1       *
    20       3        
     1       5        
  ========================

  Setting initial guess and roots to project
  Adding guess 0        2S+1 = 1    E = -405.487550
  Adding guess 1        2S+1 = 1    E = -405.234096
  Projecting out guess  2S+1 = 3    E = -405.359247
  Projecting out guess  2S+1 = 3    E = -405.329245
  Projecting out guess  2S+1 = 3    E = -405.263369

  Projecting out 3 solutions

  ==> Diagonalizing Hamiltonian <==

  Energy   convergence: 1.00e-13
  Residual convergence: 1.00e-06
  -----------------------------------------------------
    Iter.      Avg. Energy       Delta_E     Res. Norm
  -----------------------------------------------------
      1     -405.487550295334  -4.055e+02  +3.153e-01
      2     -405.597755035064  -1.102e-01  +1.246e-01
      3     -405.609819530734  -1.206e-02  +5.197e-02
      4     -405.611583462802  -1.764e-03  +1.786e-02
      5     -405.611785201026  -2.017e-04  +9.370e-03
      6     -405.611867594754  -8.239e-05  +4.622e-03
      7     -405.611885867776  -1.827e-05  +1.658e-03
      8     -405.611888153533  -2.286e-06  +7.971e-04
      9     -405.611888682974  -5.294e-07  +2.632e-04
     10     -405.611888728321  -4.535e-08  +9.999e-05
     11     -405.611888735977  -7.656e-09  +5.730e-05
     12     -405.611888739008  -3.032e-09  +2.586e-05
     13     -405.611888739577  -5.682e-10  +1.078e-05
     14     -405.611888739663  -8.657e-11  +4.614e-06
     15     -405.611888739685  -2.206e-11  +2.273e-06
     16     -405.611888739689  -4.093e-12  +1.271e-06
     17     -405.611888739690  -1.080e-12  +6.512e-07
     18     -405.611888739691  -3.979e-13  +3.300e-07
     19     -405.611888739691  -4.547e-13  +1.794e-07
     20     -405.611888739691  +0.000e+00  +7.694e-08
     21     -405.611888739691  +0.000e+00  +4.150e-08
  -----------------------------------------------------
  The Davidson-Liu algorithm converged in 22 iterations.
  Davidson-Liu procedure took  0.099225 s
  Total time spent diagonalizing H:   1.618176 s

    PQ-space CI Energy Root   0        = -305.068467263992 Eh =   0.0000 eV, S^2 = 0.000000
    PQ-space CI Energy + EPT2 Root   0 = -305.069462403159 Eh =   0.0000 eV


 SigmaVectorDynamic:
 saa_time   : 5.773960e-02
 sbb_time   : 5.536900e-02
 sabab_time : 5.629050e-02

  ==> Pruning the Q space <==

  Cycle 0 took: 3.479451 s


  ---------------------------------- Cycle 1 -----------------------------------

  ==> Diagonalizing the Hamiltonian in the P space <==

  Initial P space dimension: 282
  Spin-complete dimension of the P space: 384 determinants

  SigmaVectorDynamic:
  Maximum memory   : 67108864 double
  Number of threads: 8


  Davidson-Liu solver algorithm using SigmaVectorDynamic sigma algorithm
  Initial guess determinants:         50

  Spin-adaptation of the initial guess based on minimum spin-complete subset
  Initial guess determinants do not form a spin-complete set. 8 determinant(s) missing

  Guess determinants after screening: 46

  Initial guess solutions
  ========================
  Number   2S+1   Selected
  ------------------------
    20       1       *
    21       3        
     5       5        
  ========================

  Setting initial guess and roots to project
  Adding guess 0        2S+1 = 1    E = -405.504195
  Adding guess 1        2S+1 = 1    E = -405.259524
  Projecting out guess  2S+1 = 3    E = -405.306320

  Projecting out 1 solutions

  ==> Diagonalizing Hamiltonian <==

  Energy   convergence: 1.00e-13
  Residual convergence: 1.00e-06
  -----------------------------------------------------
    Iter.      Avg. Energy       Delta_E     Res. Norm
  -----------------------------------------------------
      1     -405.504195014890  -4.055e+02  +3.029e-01
      2     -405.600932736795  -9.674e-02  +1.138e-01
      3     -405.609952382815  -9.020e-03  +4.247e-02
      4     -405.611124466172  -1.172e-03  +1.375e-02
      5     -405.611260681295  -1.362e-04  +7.101e-03
      6     -405.611309943348  -4.926e-05  +3.418e-03
      7     -405.611319012208  -9.069e-06  +1.109e-03
      8     -405.611319963724  -9.515e-07  +5.177e-04
      9     -405.611320183605  -2.199e-07  +1.829e-04
     10     -405.611320208617  -2.501e-08  +7.151e-05
     11     -405.611320212938  -4.320e-09  +3.922e-05
     12     -405.611320214498  -1.560e-09  +1.788e-05
     13     -405.611320214754  -2.560e-10  +6.976e-06
     14     -405.611320214790  -3.655e-11  +2.945e-06
     15     -405.611320214797  -7.276e-12  +1.202e-06
     16     -405.611320214799  -1.648e-12  +6.238e-07
     17     -405.611320214799  -2.842e-13  +3.305e-07
     18     -405.611320214800  -2.274e-13  +1.630e-07
     19     -405.611320214800  +5.684e-14  +7.636e-08
  -----------------------------------------------------
  The Davidson-Liu algorithm converged in 20 iterations.
  Davidson-Liu procedure took  0.083353 s
  Time spent diagonalizing H:   1.545513 s

    P-space  CI Energy Root   0        = -305.067898739101 Eh =   0.0000 eV, S^2 = 0.000000


 SigmaVectorDynamic:
 saa_time   : 8.421430e-02
 sbb_time   : 8.182500e-02
 sabab_time : 8.266780e-02

  ==> Finding the Q space <==

  Using BATCH_VEC screening algorithm
  Setting nbin to 1 based on estimated memory ( 2.271 MB)
  Overwriting nbin to 4 based on user input
 -----------------------------------------
                Bin 0
  Build: 0.000971
  Merge: 0.000051
  Inter-thread merge: 0.000364
    Build F                  0.001685 
    Build criteria vector    0.000062
    Screening                0.000181
    Added 153 dets of 5847 from bin 0
                Bin 1
  Build: 0.000843
  Merge: 0.000057
  Inter-thread merge: 0.000384
    Build F                  0.001468 
    Build criteria vector    0.000060
    Screening                0.000167
    Added 307 dets of 5705 from bin 1
                Bin 2
  Build: 0.000876
  Merge: 0.000058
  Inter-thread merge: 0.000524
    Build F                  0.001673 
    Build criteria vector    0.000059
    Screening                0.000172
    Added 469 dets of 5872 from bin 2
                Bin 3
  Build: 0.000858
  Merge: 0.000056
  Inter-thread merge: 0.000409
    Build F                  0.001491 
    Build criteria vector    0.000060
    Screening                0.000178
    Added 625 dets of 5824 from bin 3
 ------------------------------------
  Screened out 0.0004954042 Eh of correlation
  Dimension of the PQ space:                  851
  Dimension of the PQ space (spin-complete) : 1207
  Time spent building the model space: 0.008432

  ==> Diagonalizing the Hamiltonian in the P + Q space <==

  Number of reference roots: 1

  SigmaVectorDynamic:
  Maximum memory   : 67108864 double
  Number of threads: 8


  Davidson-Liu solver algorithm using SigmaVectorDynamic sigma algorithm
  Initial guess determinants:         50

  Spin-adaptation of the initial guess based on minimum spin-complete subset
  Initial guess determinants do not form a spin-complete set. 10 determinant(s) missing

  Guess determinants after screening: 42

  Initial guess solutions
  ========================
  Number   2S+1   Selected
  ------------------------
    19       1       *
    19       3        
     4       5        
  ========================

  Setting initial guess and roots to project
  Adding guess 0        2S+1 = 1    E = -405.502051
  Adding guess 1        2S+1 = 1    E = -405.257803
  Projecting out guess  2S+1 = 3    E = -405.309079

  Projecting out 1 solutions

  ==> Diagonalizing Hamiltonian <==

  Energy   convergence: 1.00e-13
  Residual convergence: 1.00e-06
  -----------------------------------------------------
    Iter.      Avg. Energy       Delta_E     Res. Norm
  -----------------------------------------------------
      1     -405.502050581951  -4.055e+02  +3.064e-01
      2     -405.602415596761  -1.004e-01  +1.498e-01
      3     -405.617980698585  -1.557e-02  +6.985e-02
      4     -405.620600016908  -2.619e-03  +2.138e-02
      5     -405.620821499425  -2.215e-04  +8.362e-03
      6     -405.620861304547  -3.981e-05  +3.139e-03
      7     -405.620867937683  -6.633e-06  +1.315e-03
      8     -405.620868821583  -8.839e-07  +7.944e-04
      9     -405.620869267901  -4.463e-07  +4.139e-04
     10     -405.620869378669  -1.108e-07  +1.552e-04
     11     -405.620869391539  -1.287e-08  +6.228e-05
     12     -405.620869394077  -2.538e-09  +3.122e-05
     13     -405.620869394758  -6.810e-10  +1.949e-05
     14     -405.620869394945  -1.869e-10  +1.077e-05
     15     -405.620869395028  -8.288e-11  +6.737e-06
     16     -405.620869395062  -3.422e-11  +3.522e-06
     17     -405.620869395069  -6.764e-12  +1.532e-06
     18     -405.620869395070  -1.762e-12  +9.022e-07
     19     -405.620869395070  +1.137e-13  +6.277e-07
     20     -405.620869395070  -2.842e-13  +3.316e-07
     21     -405.620869395070  +0.000e+00  +1.998e-07
  -----------------------------------------------------
  The Davidson-Liu algorithm converged in 22 iterations.
  Davidson-Liu procedure took  0.115666 s
  Total time spent diagonalizing H:   1.621053 s

    PQ-space CI Energy Root   0        = -305.077447919372 Eh =   0.0000 eV, S^2 = 0.000000
    PQ-space CI Energy + EPT2 Root   0 = -305.078444697856 Eh =   0.0000 eV


 SigmaVectorDynamic:
 saa_time   : 1.202303e-01
 sbb_time   : 1.167666e-01
 sabab_time : 1.182845e-01

  ==> Pruning the Q space <==

  Cycle 1 took: 3.369365 s


  ---------------------------------- Cycle 2 -----------------------------------

  ==> Diagonalizing the Hamiltonian in the P space <==

  Initial P space dimension: 686
  Spin-complete dimension of the P space: 1038 determinants

  SigmaVectorDynamic:
  Maximum memory   : 67108864 double
  Number of threads: 8


  Davidson-Liu solver algorithm using SigmaVectorDynamic sigma algorithm
  Initial guess determinants:         50

  Spin-adaptation of the initial guess based on minimum spin-complete subset
  Initial guess determinants do not form a spin-complete set. 10 determinant(s) missing

  Guess determinants after screening: 42

  Initial guess solutions
  ========================
  Number   2S+1   Selected
  ------------------------
    19       1       *
    19       3        
     4       5        
  ========================

  Setting initial guess and roots to project
  Adding guess 0        2S+1 = 1    E = -405.502051
  Adding guess 1        2S+1 = 1    E = -405.257803
  Projecting out guess  2S+1 = 3    E = -405.309079

  Projecting out 1 solutions

  ==> Diagonalizing Hamiltonian <==

  Energy   convergence: 1.00e-13
  Residual convergence: 1.00e-06
  -----------------------------------------------------
    Iter.      Avg. Energy       Delta_E     Res. Norm
  -----------------------------------------------------
      1     -405.502050581951  -4.055e+02  +3.060e-01
      2     -405.602433909061  -1.004e-01  +1.463e-01
      3     -405.617470633011  -1.504e-02  +6.512e-02
      4     -405.619795967867  -2.325e-03  +1.982e-02
      5     -405.619997352449  -2.014e-04  +7.672e-03
      6     -405.620034554074  -3.720e-05  +3.017e-03
      7     -405.620041355608  -6.802e-06  +1.236e-03
      8     -405.620042415957  -1.060e-06  +7.995e-04
      9     -405.620042850571  -4.346e-07  +3.986e-04
     10     -405.620042939467  -8.890e-08  +1.315e-04
     11     -405.620042949454  -9.987e-09  +6.001e-05
     12     -405.620042951483  -2.029e-09  +2.767e-05
     13     -405.620042951914  -4.308e-10  +1.239e-05
     14     -405.620042952005  -9.089e-11  +6.803e-06
     15     -405.620042952037  -3.217e-11  +3.982e-06
     16     -405.620042952048  -1.074e-11  +1.955e-06
     17     -405.620042952050  -2.217e-12  +9.713e-07
     18     -405.620042952051  -7.958e-13  +6.321e-07
     19     -405.620042952051  -1.137e-13  +3.881e-07
     20     -405.620042952051  -5.684e-14  +1.902e-07
     21     -405.620042952051  +5.684e-14  +1.083e-07
  -----------------------------------------------------
  The Davidson-Liu algorithm converged in 22 iterations.
  Davidson-Liu procedure took  0.105569 s
  Time spent diagonalizing H:   1.711342 s

    P-space  CI Energy Root   0        = -305.076621476352 Eh =   0.0000 eV, S^2 = 0.000000


 SigmaVectorDynamic:
 saa_time   : 1.536149e-01
 sbb_time   : 1.495730e-01
 sabab_time : 1.505016e-01

  ==> Finding the Q space <==

  Using BATCH_VEC screening algorithm
  Setting nbin to 1 based on estimated memory ( 6.138 MB)
  Overwriting nbin to 4 based on user input
 -----------------------------------------
                Bin 0
  Build: 0.002438
  Merge: 0.000154
  Inter-thread merge: 0.001083
    Build F                  0.004311 
    Build criteria vector    0.000061
    Screening                0.000182
    Added 79 dets of 6469 from bin 0
                Bin 1
  Build: 0.002331
  Merge: 0.000159
  Inter-thread merge: 0.001035
    Build F                  0.003866 
    Build criteria vector    0.000058
    Screening                0.000186
    Added 163 dets of 6274 from bin 1
                Bin 2
  Build: 0.002278
  Merge: 0.000155
  Inter-thread merge: 0.001071
    Build F                  0.003979 
    Build criteria vector    0.000052
    Screening                0.000179
    Added 212 dets of 6433 from bin 2
                Bin 3
  Build: 0.002320
  Merge: 0.000142
  Inter-thread merge: 0.000894
    Build F                  0.003646 
    Build criteria vector    0.000056
    Screening                0.000189
    Added 281 dets of 6450 from bin 3
 ------------------------------------
  Screened out 0.0004954462 Eh of correlation
  Added 1 missing determinants in aimed selection (find_q_space).
  Dimension of the PQ space:                  1174
  Dimension of the PQ space (spin-complete) : 1286
  Time spent building the model space: 0.017985

  ==> Diagonalizing the Hamiltonian in the P + Q space <==

  Number of reference roots: 1

  SigmaVectorDynamic:
  Maximum memory   : 67108864 double
  Number of threads: 8


  Davidson-Liu solver algorithm using SigmaVectorDynamic sigma algorithm
  Initial guess determinants:         50

  Spin-adaptation of the initial guess based on minimum spin-complete subset
  Initial guess determinants do not form a spin-complete set. 10 determinant(s) missing

  Guess determinants after screening: 42

  Initial guess solutions
  ========================
  Number   2S+1   Selected
  ------------------------
    19       1       *
    19       3        
     4       5        
  ========================

  Setting initial guess and roots to project
  Adding guess 0        2S+1 = 1    E = -405.502051
  Adding guess 1        2S+1 = 1    E = -405.257803
  Projecting out guess  2S+1 = 3    E = -405.309079

  Projecting out 1 solutions

  ==> Diagonalizing Hamiltonian <==

  Energy   convergence: 1.00e-13
  Residual convergence: 1.00e-06
  -----------------------------------------------------
    Iter.      Avg. Energy       Delta_E     Res. Norm
  -----------------------------------------------------
      1     -405.502050581951  -4.055e+02  +3.066e-01
      2     -405.602370888316  -1.003e-01  +1.504e-01
      3     -405.618170737787  -1.580e-02  +7.212e-02
      4     -405.620995395700  -2.825e-03  +2.444e-02
      5     -405.621273108659  -2.777e-04  +9.693e-03
      6     -405.621324259224  -5.115e-05  +3.464e-03
      7     -405.621332061152  -7.802e-06  +1.336e-03
      8     -405.621332954533  -8.934e-07  +7.848e-04
      9     -405.621333379770  -4.252e-07  +4.218e-04
     10     -405.621333503463  -1.237e-07  +1.720e-04
     11     -405.621333519266  -1.580e-08  +6.831e-05
     12     -405.621333522301  -3.035e-09  +3.580e-05
     13     -405.621333523158  -8.576e-10  +2.184e-05
     14     -405.621333523404  -2.459e-10  +1.254e-05
     15     -405.621333523513  -1.085e-10  +7.906e-06
     16     -405.621333523560  -4.741e-11  +4.286e-06
     17     -405.621333523570  -9.720e-12  +1.835e-06
     18     -405.621333523572  -2.160e-12  +1.050e-06
     19     -405.621333523572  -2.842e-13  +6.775e-07
     20     -405.621333523572  -1.705e-13  +3.822e-07
     21     -405.621333523573  -1.137e-13  +2.288e-07
     22     -405.621333523573  +0.000e+00  +1.256e-07
  -----------------------------------------------------
  The Davidson-Liu algorithm converged in 23 iterations.
  Davidson-Liu procedure took  0.101977 s
  Total time spent diagonalizing H:   1.559925 s

    PQ-space CI Energy Root   0        = -305.077912047874 Eh =   0.0000 eV, S^2 = 0.000000
    PQ-space CI Energy + EPT2 Root   0 = -305.078907543279 Eh =   0.0000 eV


 SigmaVectorDynamic:
 saa_time   : 1.852947e-01
 sbb_time   : 1.807158e-01
 sabab_time : 1.817970e-01

  ==> Pruning the Q space <==

  Cycle 2 took: 3.493193 s


  ---------------------------------- Cycle 3 -----------------------------------

  ==> Diagonalizing the Hamiltonian in the P space <==

  Initial P space dimension: 733
  Spin-complete dimension of the P space: 1125 determinants

  SigmaVectorDynamic:
  Maximum memory   : 67108864 double
  Number of threads: 8


  Davidson-Liu solver algorithm using SigmaVectorDynamic sigma algorithm
  Initial guess determinants:         50

  Spin-adaptation of the initial guess based on minimum spin-complete subset
  Initial guess determinants do not form a spin-complete set. 10 determinant(s) missing

  Guess determinants after screening: 42

  Initial guess solutions
  ========================
  Number   2S+1   Selected
  ------------------------
    19       1       *
    19       3        
     4       5        
  ========================

  Setting initial guess and roots to project
  Adding guess 0        2S+1 = 1    E = -405.502051
  Adding guess 1        2S+1 = 1    E = -405.257803
  Projecting out guess  2S+1 = 3    E = -405.309079

  Projecting out 1 solutions

  ==> Diagonalizing Hamiltonian <==

  Energy   convergence: 1.00e-13
  Residual convergence: 1.00e-06
  -----------------------------------------------------
    Iter.      Avg. Energy       Delta_E     Res. Norm
  -----------------------------------------------------
      1     -405.502050581951  -4.055e+02  +3.063e-01
      2     -405.602373717732  -1.003e-01  +1.482e-01
      3     -405.617615107044  -1.524e-02  +6.942e-02
      4     -405.620224675476  -2.610e-03  +2.239e-02
      5     -405.620467091720  -2.424e-04  +9.044e-03
      6     -405.620514358029  -4.727e-05  +3.512e-03
      7     -405.620522903464  -8.545e-06  +1.490e-03
      8     -405.620524164645  -1.261e-06  +9.340e-04
      9     -405.620524765486  -6.008e-07  +4.589e-04
     10     -405.620524895437  -1.300e-07  +1.659e-04
     11     -405.620524910094  -1.466e-08  +6.697e-05
     12     -405.620524912862  -2.769e-09  +3.144e-05
     13     -405.620524913476  -6.140e-10  +1.697e-05
     14     -405.620524913627  -1.510e-10  +9.356e-06
     15     -405.620524913688  -6.077e-11  +5.506e-06
     16     -405.620524913709  -2.103e-11  +2.795e-06
     17     -405.620524913713  -4.263e-12  +1.265e-06
     18     -405.620524913715  -1.307e-12  +8.238e-07
     19     -405.620524913715  -4.547e-13  +5.480e-07
     20     -405.620524913715  -1.705e-13  +2.681e-07
     21     -405.620524913715  +0.000e+00  +1.531e-07
  -----------------------------------------------------
  The Davidson-Liu algorithm converged in 22 iterations.
  Davidson-Liu procedure took  0.098551 s
  Time spent diagonalizing H:   1.593533 s

    P-space  CI Energy Root   0        = -305.077103438016 Eh =   0.0000 eV, S^2 = 0.000000


 SigmaVectorDynamic:
 saa_time   : 2.160440e-01
 sbb_time   : 2.104156e-01
 sabab_time : 2.131754e-01

  ==> Finding the Q space <==

  Using BATCH_VEC screening algorithm
  Setting nbin to 1 based on estimated memory ( 6.653 MB)
  Overwriting nbin to 4 based on user input
 -----------------------------------------
                Bin 0
  Build: 0.002654
  Merge: 0.000178
  Inter-thread merge: 0.001129
    Build F                  0.004520 
    Build criteria vector    0.000050
    Screening                0.000191
    Added 63 dets of 6481 from bin 0
                Bin 1
  Build: 0.002495
  Merge: 0.000170
  Inter-thread merge: 0.001101
    Build F                  0.004152 
    Build criteria vector    0.000051
    Screening                0.000177
    Added 119 dets of 6316 from bin 1
                Bin 2
  Build: 0.002452
  Merge: 0.000172
  Inter-thread merge: 0.001200
    Build F                  0.004361 
    Build criteria vector    0.000045
    Screening                0.000188
    Added 160 dets of 6427 from bin 2
                Bin 3
  Build: 0.002494
  Merge: 0.000152
  Inter-thread merge: 0.001104
    Build F                  0.004155 
    Build criteria vector    0.000048
    Screening                0.000177
    Added 222 dets of 6444 from bin 3
 ------------------------------------
  Screened out 0.0004952843 Eh of correlation
  Added 1 missing determinants in aimed selection (find_q_space).
  Dimension of the PQ space:                  1212
  Dimension of the PQ space (spin-complete) : 1280
  Time spent building the model space: 0.019370

  ==> Diagonalizing the Hamiltonian in the P + Q space <==

  Number of reference roots: 1

  SigmaVectorDynamic:
  Maximum memory   : 67108864 double
  Number of threads: 8


  Davidson-Liu solver algorithm using SigmaVectorDynamic sigma algorithm
  Initial guess determinants:         50

  Spin-adaptation of the initial guess based on minimum spin-complete subset
  Initial guess determinants do not form a spin-complete set. 10 determinant(s) missing

  Guess determinants after screening: 42

  Initial guess solutions
  ========================
  Number   2S+1   Selected
  ------------------------
    19       1       *
    19       3        
     4       5        
  ========================

  Setting initial guess and roots to project
  Adding guess 0        2S+1 = 1    E = -405.502051
  Adding guess 1        2S+1 = 1    E = -405.257803
  Projecting out guess  2S+1 = 3    E = -405.309079

  Projecting out 1 solutions

  ==> Diagonalizing Hamiltonian <==

  Energy   convergence: 1.00e-13
  Residual convergence: 1.00e-06
  -----------------------------------------------------
    Iter.      Avg. Energy       Delta_E     Res. Norm
  -----------------------------------------------------
      1     -405.502050581951  -4.055e+02  +3.066e-01
      2     -405.602375990464  -1.003e-01  +1.502e-01
      3     -405.618130544079  -1.575e-02  +7.221e-02
      4     -405.620971316516  -2.841e-03  +2.478e-02
      5     -405.621257666415  -2.863e-04  +1.007e-02
      6     -405.621313034896  -5.537e-05  +3.650e-03
      7     -405.621321584972  -8.550e-06  +1.366e-03
      8     -405.621322547525  -9.626e-07  +8.152e-04
      9     -405.621323014148  -4.666e-07  +4.325e-04
     10     -405.621323144963  -1.308e-07  +1.737e-04
     11     -405.621323161372  -1.641e-08  +6.872e-05
     12     -405.621323164447  -3.075e-09  +3.536e-05
     13     -405.621323165283  -8.361e-10  +2.203e-05
     14     -405.621323165537  -2.539e-10  +1.291e-05
     15     -405.621323165653  -1.168e-10  +8.027e-06
     16     -405.621323165703  -4.928e-11  +4.379e-06
     17     -405.621323165713  -1.017e-11  +1.865e-06
     18     -405.621323165715  -2.274e-12  +1.034e-06
     19     -405.621323165716  -7.390e-13  +6.653e-07
     20     -405.621323165716  -2.274e-13  +3.775e-07
     21     -405.621323165716  +0.000e+00  +2.227e-07
  -----------------------------------------------------
  The Davidson-Liu algorithm converged in 22 iterations.
  Davidson-Liu procedure took  0.097279 s
  Total time spent diagonalizing H:   1.583885 s

    PQ-space CI Energy Root   0        = -305.077901690017 Eh =   0.0000 eV, S^2 = 0.000000
    PQ-space CI Energy + EPT2 Root   0 = -305.078896687019 Eh =   0.0000 eV


 SigmaVectorDynamic:
 saa_time   : 2.464545e-01
 sbb_time   : 2.401027e-01
 sabab_time : 2.430677e-01

  ==> Pruning the Q space <==

  Cycle 3 took: 3.382533 s


  ---------------------------------- Cycle 4 -----------------------------------

  ==> Diagonalizing the Hamiltonian in the P space <==

  Initial P space dimension: 733
  Spin-complete dimension of the P space: 1125 determinants

  SigmaVectorDynamic:
  Maximum memory   : 67108864 double
  Number of threads: 8


  Davidson-Liu solver algorithm using SigmaVectorDynamic sigma algorithm
  Initial guess determinants:         50

  Spin-adaptation of the initial guess based on minimum spin-complete subset
  Initial guess determinants do not form a spin-complete set. 10 determinant(s) missing

  Guess determinants after screening: 42

  Initial guess solutions
  ========================
  Number   2S+1   Selected
  ------------------------
    19       1       *
    19       3        
     4       5        
  ========================

  Setting initial guess and roots to project
  Adding guess 0        2S+1 = 1    E = -405.502051
  Adding guess 1        2S+1 = 1    E = -405.257803
  Projecting out guess  2S+1 = 3    E = -405.309079

  Projecting out 1 solutions

  ==> Diagonalizing Hamiltonian <==

  Energy   convergence: 1.00e-13
  Residual convergence: 1.00e-06
  -----------------------------------------------------
    Iter.      Avg. Energy       Delta_E     Res. Norm
  -----------------------------------------------------
      1     -405.502050581951  -4.055e+02  +3.063e-01
      2     -405.602373717732  -1.003e-01  +1.482e-01
      3     -405.617615107044  -1.524e-02  +6.942e-02
      4     -405.620224675476  -2.610e-03  +2.239e-02
      5     -405.620467091720  -2.424e-04  +9.044e-03
      6     -405.620514358029  -4.727e-05  +3.512e-03
      7     -405.620522903464  -8.545e-06  +1.490e-03
      8     -405.620524164645  -1.261e-06  +9.340e-04
      9     -405.620524765486  -6.008e-07  +4.589e-04
     10     -405.620524895437  -1.300e-07  +1.659e-04
     11     -405.620524910094  -1.466e-08  +6.697e-05
     12     -405.620524912862  -2.768e-09  +3.144e-05
     13     -405.620524913476  -6.141e-10  +1.697e-05
     14     -405.620524913627  -1.510e-10  +9.356e-06
     15     -405.620524913688  -6.077e-11  +5.506e-06
     16     -405.620524913709  -2.120e-11  +2.795e-06
     17     -405.620524913713  -4.263e-12  +1.265e-06
     18     -405.620524913715  -1.364e-12  +8.238e-07
     19     -405.620524913715  -3.411e-13  +5.480e-07
     20     -405.620524913715  -2.274e-13  +2.681e-07
     21     -405.620524913715  +5.684e-14  +1.531e-07
  -----------------------------------------------------
  The Davidson-Liu algorithm converged in 22 iterations.
  Davidson-Liu procedure took  0.103024 s
  Time spent diagonalizing H:   1.629296 s

    P-space  CI Energy Root   0        = -305.077103438017 Eh =   0.0000 eV, S^2 = 0.000000


 SigmaVectorDynamic:
 saa_time   : 2.787684e-01
 sbb_time   : 2.713507e-01
 sabab_time : 2.751619e-01

  ==> Finding the Q space <==

  Using BATCH_VEC screening algorithm
  Setting nbin to 1 based on estimated memory ( 6.653 MB)
  Overwriting nbin to 4 based on user input
 -----------------------------------------
                Bin 0
  Build: 0.002568
  Merge: 0.000172
  Inter-thread merge: 0.000970
    Build F                  0.004372 
    Build criteria vector    0.000056
    Screening                0.000184
    Added 63 dets of 6477 from bin 0
                Bin 1
  Build: 0.002532
  Merge: 0.000169
  Inter-thread merge: 0.001089
    Build F                  0.004110 
    Build criteria vector    0.000055
    Screening                0.000175
    Added 119 dets of 6318 from bin 1
                Bin 2
  Build: 0.002494
  Merge: 0.000169
  Inter-thread merge: 0.001123
    Build F                  0.004230 
    Build criteria vector    0.000050
    Screening                0.000179
    Added 160 dets of 6422 from bin 2
                Bin 3
  Build: 0.002525
  Merge: 0.000157
  Inter-thread merge: 0.001106
    Build F                  0.004137 
    Build criteria vector    0.000054
    Screening                0.000183
    Added 222 dets of 6440 from bin 3
 ------------------------------------
  Screened out 0.0004952843 Eh of correlation
  Added 1 missing determinants in aimed selection (find_q_space).
  Dimension of the PQ space:                  1212
  Dimension of the PQ space (spin-complete) : 1280
  Time spent building the model space: 0.019048

  ==> Diagonalizing the Hamiltonian in the P + Q space <==

  Number of reference roots: 1

  SigmaVectorDynamic:
  Maximum memory   : 67108864 double
  Number of threads: 8


  Davidson-Liu solver algorithm using SigmaVectorDynamic sigma algorithm
  Initial guess determinants:         50

  Spin-adaptation of the initial guess based on minimum spin-complete subset
  Initial guess determinants do not form a spin-complete set. 10 determinant(s) missing

  Guess determinants after screening: 42

  Initial guess solutions
  ========================
  Number   2S+1   Selected
  ------------------------
    19       1       *
    19       3        
     4       5        
  ========================

  Setting initial guess and roots to project
  Adding guess 0        2S+1 = 1    E = -405.502051
  Adding guess 1        2S+1 = 1    E = -405.257803
  Projecting out guess  2S+1 = 3    E = -405.309079

  Projecting out 1 solutions

  ==> Diagonalizing Hamiltonian <==

  Energy   convergence: 1.00e-13
  Residual convergence: 1.00e-06
  -----------------------------------------------------
    Iter.      Avg. Energy       Delta_E     Res. Norm
  -----------------------------------------------------
      1     -405.502050581951  -4.055e+02  +3.066e-01
      2     -405.602375990464  -1.003e-01  +1.502e-01
      3     -405.618130544079  -1.575e-02  +7.221e-02
      4     -405.620971316516  -2.841e-03  +2.478e-02
      5     -405.621257666415  -2.863e-04  +1.007e-02
      6     -405.621313034896  -5.537e-05  +3.650e-03
      7     -405.621321584973  -8.550e-06  +1.366e-03
      8     -405.621322547525  -9.626e-07  +8.152e-04
      9     -405.621323014148  -4.666e-07  +4.325e-04
     10     -405.621323144963  -1.308e-07  +1.737e-04
     11     -405.621323161372  -1.641e-08  +6.872e-05
     12     -405.621323164446  -3.075e-09  +3.536e-05
     13     -405.621323165283  -8.365e-10  +2.203e-05
     14     -405.621323165537  -2.539e-10  +1.291e-05
     15     -405.621323165654  -1.169e-10  +8.027e-06
     16     -405.621323165703  -4.894e-11  +4.379e-06
     17     -405.621323165713  -1.017e-11  +1.865e-06
     18     -405.621323165715  -2.274e-12  +1.034e-06
     19     -405.621323165716  -9.095e-13  +6.653e-07
     20     -405.621323165716  -2.274e-13  +3.775e-07
     21     -405.621323165716  +0.000e+00  +2.227e-07
  -----------------------------------------------------
  The Davidson-Liu algorithm converged in 22 iterations.
  Davidson-Liu procedure took  0.097977 s
  Total time spent diagonalizing H:   1.530976 s

    PQ-space CI Energy Root   0        = -305.077901690017 Eh =   0.0000 eV, S^2 = 0.000000
    PQ-space CI Energy + EPT2 Root   0 = -305.078896687019 Eh =   0.0000 eV


 SigmaVectorDynamic:
 saa_time   : 3.088219e-01
 sbb_time   : 3.018207e-01
 sabab_time : 3.053782e-01
  ***** Calculation Converged *****

  ==> ACI Natural Orbitals <==

        1A      1.922094      2A      1.902605      3A      1.860986  
        4A      1.779352      5A      0.224868      6A      0.139354  
        7A      0.095540      8A      0.075201  

  ==> Excited state solver summary <==

  Iterations required:                         4
  Dimension of optimized determinant space:    1280

  * Selected-CI Energy Root   0        = -305.077901690017 Eh =   0.0000 eV
  * Selected-CI Energy Root   0 + EPT2 = -305.078896687019 Eh =   0.0000 eV

  ==> Wavefunction Information <==

  Most important contributions to root   0:
    0  -0.867976 0.753383203         732 |22220000>
    1   0.194299 0.037752106         731 |22202000>
    2  -0.103939 0.010803215         729 |22-++-00>
    3  -0.103939 0.010803215         730 |22+--+00>
    4   0.093057 0.008659664         728 |22020200>
    5  -0.079812 0.006369949         727 |-22++00->
    6  -0.079812 0.006369949         726 |+22--00+>
    7   0.078982 0.006238127         724 |2+2--0+0>
    8   0.078982 0.006238127         725 |2-2++0-0>
    9  -0.075612 0.005717240         722 |22+-+-00>

  Saving information for root: 0

  ==> Energy Summary <==

    Multi.(2ms)  Irrep.  No.               Energy      <S^2>
    --------------------------------------------------------
       1  (  0)     A     0     -305.077901690017   0.000000
    --------------------------------------------------------
  Diag takes 0.002381
 all alpha takes 0.005956
 all beta takes 0.005830
  2dif: 0.013307  
  4dif: 0.009810
 all alpha/beta takes 0.028150

       -----------------------------------------------------------------
                            Semi-Canonical Orbitals
         Chenyang Li, Jeffrey B. Schriber and Francesco A. Evangelista
       -----------------------------------------------------------------

  Took 0.005886 s to build Fock matrix

  ==> Checking Fock Matrix Diagonal Blocks <==

    Off-Diag. Elements       Max           2-Norm
    ------------------------------------------------
    FROZEN_DOCC          0.0000451766   0.0001283293
    GAS1                 0.0042944255   0.0114922757
    RESTRICTED_DOCC      0.0007210774   0.0031843390
    RESTRICTED_UOCC      0.0011085628   0.0048236955
    ------------------------------------------------
  Integrals are about to be updated.
  Computing density fitted integrals 

  Number of auxiliary basis functions:  588
  Need 11.76 MB to store DF integrals
  DFHelper Memory: AOs need 0.013 GiB; user supplied 1.663 GiB. Using in-core AOs.

  ==> DFHelper <==
    NBF:                              50
    NAux:                            588
    Schwarz Cutoff:                1E-12
    Mask sparsity (%):                 9
    DFH Avail. Memory [GiB]:       1.663
    OpenMP threads:                    8
    Algorithm:                     STORE
    AO Core:                        True
    MO Core:                       False
    Hold Metric:                   False
    Metric Power:                 -0.500
    Fitting Condition:             1E-12
    Q Shell Max:                       7



  Transforming DF Integrals
  Timing for density-fitting transformation:                  0.035 s.

  Frozen-core energy        -397.044912338564188 a.u.
  Timing for frozen one-body operator:                        0.002 s.
  Resorting integrals after freezing core.
  Timing for resorting DF integrals:                          0.014 s.
  Timing for freezing core and virtual orbitals:              0.016 s.
  Integrals update took     0.198 s.
  Rotating RDMs using spin unrestricted formalism ...
    Transformed 1 RDMs.
    Transformed 2 RDMs.
    Transformed 3 RDMs.
  Timing for semi-canonicalizing orbitals:                    0.445 s.

  ==> Multireference Driven Similarity Renormalization Group <==

    Computing Fock matrix and cleaning JK ........... Done
    Reading DSRG options ............................ Done
    Setting ambit MO space .......................... Done
    Preparing tensors for density cumulants ......... Done
    Filling Fock matrix from ForteIntegrals ......... Done

                  --------------------------------------------
                      Density Fitted / Cholesky Decomposed
                    MR-DSRG Second-Order Perturbation Theory
                      Kevin Hannon and Chenyang (York) Li
                                8 threads (OMP)
                  --------------------------------------------

    References:
      u-DSRG-MRPT2:      J. Chem. Theory Comput. 2015, 11, 2097.
      DF/CD-DSRG-MRPT2:  J. Chem. Phys. 2016, 144, 204111.
      (pr-)DSRG-MRPT2:   J. Chem. Phys. 2017, 146, 124132.


  ==> Calculation Information <==

    Psi4 ref_type                                        RHF
    Integral type                                         DF
    Source operator                                 STANDARD
    CCVV algorithm                                 FLY_AMBIT
    CCVV source                                       NORMAL
    Reference relaxation                                ONCE
    State type                                STATE-SPECIFIC
    Internal_amp                                        NONE
    form Hbar3                                         FALSE
    Flow parameter                                 1.000e+10
    Taylor expansion threshold                     1.000e-03
    Cholesky tolerance                             1.000e-06


  ==> Checking Semicanonical Orbitals <==

    Block             Fa Max         Fa Mean           Fb Max         Fb Mean
    -------------------------------------------------------------------------
    CORE        0.0000000000    0.0000000000     0.0000000000    0.0000000000
    VIRTUAL     0.0000000000    0.0000000000     0.0000000000    0.0000000000
    GAS1        0.0000000000    0.0000000000     0.0000000000    0.0000000000
    -------------------------------------------------------------------------
    Orbitals are semi-canonicalized.

  ==> Computing DSRG-MRPT2 Energy <==

  Reference Energy = -305.077901690017200
    Computing T2                             ...... Done. Timing        0.109713 s
    Renormalizing V                          ...... Done. Timing        0.095702 s
    Computing T1                             ...... Done. Timing        0.002407 s
    Renormalizing F                          ...... Done. Timing        0.003078 s
    Computing <[F, T1]>                      ...... Done. Timing        0.000654 s
    Computing <[F, T2]>                      ...... Done. Timing        0.002493 s
    Computing <[V, T1]>                      ...... Done. Timing        0.002134 s
    Computing <[V, T2]> 4HH                  ...... Done. Timing        0.002330 s
    Computing <V, T2]> 4PP                   ...... Done. Timing        0.002222 s
    Computing [V, T2] 4PH                    ...... Done. Timing        0.014674 s
    Computing [V, T2] λ3                     ...... Done. Timing        0.089409 s
    Computing <[V, T2]> (C_2)^4 (no ccvv)    ...... Done. Timing        0.009390 s
    Computing <[V, T2]> (C_2)^4 ccvv         ...... Done. Timing        0.006827 s
  Eccvv: -0.2177086582

  ==> DSRG-MRPT2 (DF/CD) Energy Summary <==

    E0 (reference)                 =   -305.077901690017200
    <[F, T1]>                      =     -0.000016917220258
    <[F, T2]>                      =      0.000000000000000
    <[V, T1]>                      =     -0.000000000000000
    <[V, T2]> C_4 (C_2)^2 HH       =      0.005491706000004
    <[V, T2]> C_4 (C_2)^2 PP       =      0.004395540018223
    <[V, T2]> C_4 (C_2)^2 PH       =      0.100267874719011
    <[V, T2]> C_6 C_2              =     -0.000000000000000
    <[V, T2]> (C_2)^4              =     -0.422266165615446
    <[V, T2]>                      =     -0.312111044878209
    DSRG-MRPT2 correlation energy  =     -0.312127962098467
    DSRG-MRPT2 total energy        =   -305.390029652115686
    max(T1)                        =      0.000645015913810
    ||T1||                         =      0.003322541355342

  ==> Form DSRG-PT2 Transformed Hamiltonian <==

    Initalizing Hbar                         ... Done. Timing:      0.006 s.
    Computing all-active Hbar                ... Done. Timing:      0.104 s.

  ==> De-Normal-Order DSRG Transformed Hamiltonian <==

    Computing the scalar term                ... Done. Timing    0.001 s
    Computing the 1-body term                ... Done. Timing    0.000 s

  ==> Rotate DSRG Transformed Hamiltonian back to Original Basis <==

    Rotating 1-body term to original basis   ... Done. Timing    0.000 s
    Rotating 2-body term to original basis   ... Done. Timing    0.003 s

--------------------------------------------------------------------------------
               Selected Configuration Interaction Excited States
  written by Jeffrey B. Schriber, Tianyuan Zhang, and Francesco A. Evangelista
--------------------------------------------------------------------------------

  ==> Calculation Information <==

  -----------------------------------------------------------------
    Multiplicity                             1    
    Symmetry                                 0    
    Number of roots                          1    
    Ms                                       0
    Excited Algorithm                        NONE
  -----------------------------------------------------------------
  Using 8 thread(s)
  Computing wavefunction for root 0

        ---------------------------------------------------------------
                      Adaptive Configuration Interaction
          written by Jeffrey B. Schriber and Francesco A. Evangelista
        ---------------------------------------------------------------

  ==> Reference Information <==

  There are 25 frozen orbitals.
  There are 8 active orbitals.

  ==> Calculation Information <==

  -----------------------------------------------------------------
    Multiplicity                             1    
    Symmetry                                 0    
    Number of roots                          1    
    Root used for properties                 0    
    Roots used for averaging                 1    
    Root averaging offset                    0    
    Sigma (Eh)                               1.00e-03
    Gamma (Eh^(-1))                          1.00e+00
    Convergence threshold                    1.00e-09
    Ms                                       0
    Diagonalization algorithm                DYNAMIC
    Excited Algorithm                        NONE
    Project out spin contaminants            True
    Enforce spin completeness of basis       True
    Enforce complete aimed selection         True
    Multiroot averaging                      Average
  -----------------------------------------------------------------
  Number of active orbitals: 8
  Number of active alpha electrons: 4
  Number of active beta electrons: 4
  Maximum reference space size: 1000
  Number of reference determinants: 225
  Reference generated from 7 MOs


  ---------------------------------- Cycle 0 -----------------------------------

  ==> Diagonalizing the Hamiltonian in the P space <==

  Initial P space dimension: 225
  Spin-complete dimension of the P space: 225 determinants

  SigmaVectorDynamic:
  Maximum memory   : 67108864 double
  Number of threads: 8


  Davidson-Liu solver algorithm using SigmaVectorDynamic sigma algorithm
  Initial guess determinants:         50

  Spin-adaptation of the initial guess based on minimum spin-complete subset
  Initial guess determinants do not form a spin-complete set. 8 determinant(s) missing

  Guess determinants after screening: 46

  Initial guess solutions
  ========================
  Number   2S+1   Selected
  ------------------------
    23       1       *
    21       3        
     2       5        
  ========================

  Setting initial guess and roots to project
  Adding guess 0        2S+1 = 1    E = -404.822371
  Adding guess 1        2S+1 = 1    E = -404.594831
  Projecting out guess  2S+1 = 3    E = -404.719547
  Projecting out guess  2S+1 = 3    E = -404.642932

  Projecting out 2 solutions

  ==> Diagonalizing Hamiltonian <==

  Energy   convergence: 1.00e-13
  Residual convergence: 1.00e-06
  -----------------------------------------------------
    Iter.      Avg. Energy       Delta_E     Res. Norm
  -----------------------------------------------------
      1     -404.822536475710  -4.048e+02  +9.159e-02
      2     -404.832562684991  -1.003e-02  +2.006e-02
      3     -404.832944317108  -3.816e-04  +6.694e-03
      4     -404.832795443285  +1.489e-04  +1.598e-03
      5     -404.832798328336  -2.885e-06  +6.256e-04
      6     -404.832798746333  -4.180e-07  +2.248e-04
      7     -404.832799489461  -7.431e-07  +5.468e-05
      8     -404.832799492355  -2.895e-09  +1.452e-05
      9     -404.832799492571  -2.154e-10  +5.351e-06
     10     -404.832799444544  +4.803e-08  +2.536e-06
     11     -404.832799444547  -3.240e-12  +1.941e-06
     12     -404.832799444548  -6.253e-13  +1.812e-06
     13     -404.832799445547  -9.990e-10  +1.797e-06
     14     -404.832799445547  +0.000e+00  +1.796e-06
     15     -404.832799445547  -5.684e-14  +1.796e-06
     16     -404.832799445480  +6.679e-11  +1.796e-06
     17     -404.832799445480  +0.000e+00  +1.796e-06
     18     -404.832799445480  +0.000e+00  +1.796e-06
  -----------------------------------------------------
  The Davidson-Liu algorithm converged in 19 iterations.
  Davidson-Liu procedure took  0.083979 s
  Time spent diagonalizing H:   1.548110 s

    P-space  CI Energy Root   0        = -305.337662731008 Eh =   0.0000 eV, S^2 = 0.000002


 SigmaVectorDynamic:
 saa_time   : 3.355450e-01
 sbb_time   : 3.288230e-01
 sabab_time : 3.320558e-01

  ==> Finding the Q space <==

  Using BATCH_VEC screening algorithm
  Setting nbin to 1 based on estimated memory ( 1.331 MB)
  Overwriting nbin to 4 based on user input
 -----------------------------------------
                Bin 0
  Build: 0.000474
  Merge: 0.000037
  Inter-thread merge: 0.000261
    Build F                  0.001265 
    Build criteria vector    0.000059
    Screening                0.000117
    Added 91 dets of 2889 from bin 0
                Bin 1
  Build: 0.000409
  Merge: 0.000025
  Inter-thread merge: 0.000191
    Build F                  0.001047 
    Build criteria vector    0.000051
    Screening                0.000107
    Added 144 dets of 2568 from bin 1
                Bin 2
  Build: 0.000387
  Merge: 0.000032
  Inter-thread merge: 0.000142
    Build F                  0.001029 
    Build criteria vector    0.000054
    Screening                0.000108
    Added 155 dets of 2489 from bin 2
                Bin 3
  Build: 0.000424
  Merge: 0.000033
  Inter-thread merge: 0.000129
    Build F                  0.000885 
    Build criteria vector    0.000054
    Screening                0.000109
    Added 221 dets of 2283 from bin 3
 ------------------------------------
  Screened out 0.0004934092 Eh of correlation
  Dimension of the PQ space:                  360
  Dimension of the PQ space (spin-complete) : 389
  Time spent building the model space: 0.005398

  ==> Diagonalizing the Hamiltonian in the P + Q space <==

  Number of reference roots: 1

  SigmaVectorDynamic:
  Maximum memory   : 67108864 double
  Number of threads: 8


  Davidson-Liu solver algorithm using SigmaVectorDynamic sigma algorithm
  Initial guess determinants:         50

  Spin-adaptation of the initial guess based on minimum spin-complete subset
  Initial guess determinants do not form a spin-complete set. 8 determinant(s) missing

  Guess determinants after screening: 46

  Initial guess solutions
  ========================
  Number   2S+1   Selected
  ------------------------
    24       1       *
    21       3        
     1       5        
  ========================

  Setting initial guess and roots to project
  Adding guess 0        2S+1 = 1    E = -404.823476
  Adding guess 1        2S+1 = 1    E = -404.598147
  Projecting out guess  2S+1 = 3    E = -404.709664
  Projecting out guess  2S+1 = 3    E = -404.675343

  Projecting out 2 solutions

  ==> Diagonalizing Hamiltonian <==

  Energy   convergence: 1.00e-13
  Residual convergence: 1.00e-06
  -----------------------------------------------------
    Iter.      Avg. Energy       Delta_E     Res. Norm
  -----------------------------------------------------
      1     -404.823646994442  -4.048e+02  +2.151e-01
      2     -404.884705124887  -6.106e-02  +6.231e-02
      3     -404.888513815428  -3.809e-03  +2.283e-02
      4     -404.887788041039  +7.258e-04  +7.591e-03
      5     -404.887836850847  -4.881e-05  +3.408e-03
      6     -404.887852555580  -1.570e-05  +1.516e-03
      7     -404.887861644380  -9.089e-06  +4.364e-04
      8     -404.887861855091  -2.107e-07  +2.039e-04
      9     -404.887861901465  -4.637e-08  +6.982e-05
     10     -404.887862376376  -4.749e-07  +3.332e-05
     11     -404.887862377328  -9.519e-10  +1.679e-05
     12     -404.887862377684  -3.557e-10  +7.585e-06
     13     -404.887862394994  -1.731e-08  +4.910e-06
     14     -404.887862395002  -7.276e-12  +4.407e-06
     15     -404.887862395003  -1.933e-12  +4.241e-06
     16     -404.887862398759  -3.756e-09  +4.229e-06
     17     -404.887862398759  +5.684e-14  +4.225e-06
     18     -404.887862398759  -1.705e-13  +4.224e-06
     19     -404.887862398817  -5.821e-11  +4.224e-06
     20     -404.887862398817  +5.684e-14  +4.224e-06
     21     -404.887862398817  +0.000e+00  +4.224e-06
  -----------------------------------------------------
  The Davidson-Liu algorithm converged in 22 iterations.
  Davidson-Liu procedure took  0.098128 s
  Total time spent diagonalizing H:   1.544955 s

    PQ-space CI Energy Root   0        = -305.392725684345 Eh =   0.0000 eV, S^2 = 0.000012
    PQ-space CI Energy + EPT2 Root   0 = -305.393715567149 Eh =   0.0000 eV


 SigmaVectorDynamic:
 saa_time   : 3.670591e-01
 sbb_time   : 3.597825e-01
 sabab_time : 3.630662e-01

  ==> Pruning the Q space <==

  Cycle 0 took: 3.288510 s


  ---------------------------------- Cycle 1 -----------------------------------

  ==> Diagonalizing the Hamiltonian in the P space <==

  Initial P space dimension: 169
  Spin-complete dimension of the P space: 203 determinants

  SigmaVectorDynamic:
  Maximum memory   : 67108864 double
  Number of threads: 8


  Davidson-Liu solver algorithm using SigmaVectorDynamic sigma algorithm
  Initial guess determinants:         50

  Spin-adaptation of the initial guess based on minimum spin-complete subset
  Initial guess determinants do not form a spin-complete set. 7 determinant(s) missing

  Guess determinants after screening: 45

  Initial guess solutions
  ========================
  Number   2S+1   Selected
  ------------------------
    21       1       *
    20       3        
     4       5        
  ========================

  Setting initial guess and roots to project
  Adding guess 0        2S+1 = 1    E = -404.832353
  Adding guess 1        2S+1 = 1    E = -404.614410
  Projecting out guess  2S+1 = 3    E = -404.662964

  Projecting out 1 solutions

  ==> Diagonalizing Hamiltonian <==

  Energy   convergence: 1.00e-13
  Residual convergence: 1.00e-06
  -----------------------------------------------------
    Iter.      Avg. Energy       Delta_E     Res. Norm
  -----------------------------------------------------
      1     -404.832612286589  -4.048e+02  +2.045e-01
      2     -404.885376917416  -5.276e-02  +5.496e-02
      3     -404.888193934863  -2.817e-03  +1.643e-02
      4     -404.887335732953  +8.582e-04  +4.492e-03
      5     -404.887352737767  -1.700e-05  +1.692e-03
      6     -404.887356184752  -3.447e-06  +6.285e-04
      7     -404.887360903754  -4.719e-06  +1.926e-04
      8     -404.887360940819  -3.707e-08  +9.363e-05
      9     -404.887360950862  -1.004e-08  +2.720e-05
     10     -404.887361226310  -2.754e-07  +1.074e-05
     11     -404.887361226412  -1.025e-10  +5.008e-06
     12     -404.887361226439  -2.677e-11  +2.683e-06
     13     -404.887361234531  -8.092e-09  +2.320e-06
     14     -404.887361234532  -4.547e-13  +2.246e-06
     15     -404.887361234532  -1.137e-13  +2.224e-06
     16     -404.887361235992  -1.460e-09  +2.222e-06
     17     -404.887361235992  -1.137e-13  +2.222e-06
     18     -404.887361235992  +1.137e-13  +2.222e-06
     19     -404.887361235992  +0.000e+00  +2.222e-06
  -----------------------------------------------------
  The Davidson-Liu algorithm converged in 20 iterations.
  Davidson-Liu procedure took  0.084830 s
  Time spent diagonalizing H:   1.646101 s

    P-space  CI Energy Root   0        = -305.392224521520 Eh =   0.0000 eV, S^2 = 0.000012


 SigmaVectorDynamic:
 saa_time   : 3.937304e-01
 sbb_time   : 3.868213e-01
 sabab_time : 3.904692e-01

  ==> Finding the Q space <==

  Using BATCH_VEC screening algorithm
  Setting nbin to 1 based on estimated memory ( 1.200 MB)
  Overwriting nbin to 4 based on user input
 -----------------------------------------
                Bin 0
  Build: 0.000618
  Merge: 0.000031
  Inter-thread merge: 0.000317
    Build F                  0.001142 
    Build criteria vector    0.000048
    Screening                0.000148
    Added 124 dets of 4546 from bin 0
                Bin 1
  Build: 0.000485
  Merge: 0.000027
  Inter-thread merge: 0.000239
    Build F                  0.000845 
    Build criteria vector    0.000048
    Screening                0.000132
    Added 234 dets of 4290 from bin 1
                Bin 2
  Build: 0.000478
  Merge: 0.000031
  Inter-thread merge: 0.000249
    Build F                  0.000857 
    Build criteria vector    0.000046
    Screening                0.000138
    Added 374 dets of 4420 from bin 2
                Bin 3
  Build: 0.000440
  Merge: 0.000029
  Inter-thread merge: 0.000240
    Build F                  0.000808 
    Build criteria vector    0.000047
    Screening                0.000136
    Added 509 dets of 4452 from bin 3
 ------------------------------------
  Screened out 0.0004964934 Eh of correlation
  Dimension of the PQ space:                  542
  Dimension of the PQ space (spin-complete) : 821
  Time spent building the model space: 0.005252

  ==> Diagonalizing the Hamiltonian in the P + Q space <==

  Number of reference roots: 1

  SigmaVectorDynamic:
  Maximum memory   : 67108864 double
  Number of threads: 8


  Davidson-Liu solver algorithm using SigmaVectorDynamic sigma algorithm
  Initial guess determinants:         50

  Spin-adaptation of the initial guess based on minimum spin-complete subset
  Initial guess determinants do not form a spin-complete set. 10 determinant(s) missing

  Guess determinants after screening: 42

  Initial guess solutions
  ========================
  Number   2S+1   Selected
  ------------------------
    20       1       *
    19       3        
     3       5        
  ========================

  Setting initial guess and roots to project
  Adding guess 0        2S+1 = 1    E = -404.824026
  Adding guess 1        2S+1 = 1    E = -404.605073
  Projecting out guess  2S+1 = 3    E = -404.678128

  Projecting out 1 solutions

  ==> Diagonalizing Hamiltonian <==

  Energy   convergence: 1.00e-13
  Residual convergence: 1.00e-06
  -----------------------------------------------------
    Iter.      Avg. Energy       Delta_E     Res. Norm
  -----------------------------------------------------
      1     -404.824205787213  -4.048e+02  +2.158e-01
      2     -404.886800015192  -6.259e-02  +8.657e-02
      3     -404.893565333647  -6.765e-03  +3.259e-02
      4     -404.892968157470  +5.972e-04  +1.001e-02
      5     -404.893031297406  -6.314e-05  +4.144e-03
      6     -404.893046734435  -1.544e-05  +1.643e-03
      7     -404.893050081682  -3.347e-06  +6.285e-04
      8     -404.893050416698  -3.350e-07  +3.226e-04
      9     -404.893050501750  -8.505e-08  +1.304e-04
     10     -404.893051241610  -7.399e-07  +4.510e-05
     11     -404.893051243161  -1.552e-09  +2.306e-05
     12     -404.893051243590  -4.287e-10  +9.736e-06
     13     -404.893051248167  -4.577e-09  +5.314e-06
     14     -404.893051248177  -1.000e-11  +4.307e-06
     15     -404.893051248180  -2.842e-12  +4.012e-06
     16     -404.893051254088  -5.908e-09  +3.954e-06
     17     -404.893051254088  -5.684e-14  +3.941e-06
     18     -404.893051254089  -5.684e-14  +3.938e-06
     19     -404.893051254142  -5.338e-11  +3.937e-06
     20     -404.893051254142  +5.684e-14  +3.937e-06
     21     -404.893051254142  +0.000e+00  +3.937e-06
  -----------------------------------------------------
  The Davidson-Liu algorithm converged in 22 iterations.
  Davidson-Liu procedure took  0.098849 s
  Total time spent diagonalizing H:   1.551130 s

    PQ-space CI Energy Root   0        = -305.397914539670 Eh =   0.0000 eV, S^2 = 0.000014
    PQ-space CI Energy + EPT2 Root   0 = -305.398911156832 Eh =   0.0000 eV


 SigmaVectorDynamic:
 saa_time   : 4.248892e-01
 sbb_time   : 4.181961e-01
 sabab_time : 4.208347e-01

  ==> Pruning the Q space <==

  Cycle 1 took: 3.401318 s


  ---------------------------------- Cycle 2 -----------------------------------

  ==> Diagonalizing the Hamiltonian in the P space <==

  Initial P space dimension: 421
  Spin-complete dimension of the P space: 670 determinants

  SigmaVectorDynamic:
  Maximum memory   : 67108864 double
  Number of threads: 8


  Davidson-Liu solver algorithm using SigmaVectorDynamic sigma algorithm
  Initial guess determinants:         50

  Spin-adaptation of the initial guess based on minimum spin-complete subset
  Initial guess determinants do not form a spin-complete set. 10 determinant(s) missing

  Guess determinants after screening: 42

  Initial guess solutions
  ========================
  Number   2S+1   Selected
  ------------------------
    20       1       *
    19       3        
     3       5        
  ========================

  Setting initial guess and roots to project
  Adding guess 0        2S+1 = 1    E = -404.824026
  Adding guess 1        2S+1 = 1    E = -404.605073
  Projecting out guess  2S+1 = 3    E = -404.678128

  Projecting out 1 solutions

  ==> Diagonalizing Hamiltonian <==

  Energy   convergence: 1.00e-13
  Residual convergence: 1.00e-06
  -----------------------------------------------------
    Iter.      Avg. Energy       Delta_E     Res. Norm
  -----------------------------------------------------
      1     -404.824205787213  -4.048e+02  +2.157e-01
      2     -404.886697730513  -6.249e-02  +8.277e-02
      3     -404.892912824937  -6.215e-03  +3.179e-02
      4     -404.892323958009  +5.889e-04  +1.019e-02
      5     -404.892390935576  -6.698e-05  +4.394e-03
      6     -404.892409746884  -1.881e-05  +1.818e-03
      7     -404.892413796931  -4.050e-06  +6.281e-04
      8     -404.892414161360  -3.644e-07  +2.753e-04
      9     -404.892414236528  -7.517e-08  +9.501e-05
     10     -404.892415010110  -7.736e-07  +4.066e-05
     11     -404.892415011330  -1.220e-09  +2.119e-05
     12     -404.892415011754  -4.241e-10  +8.608e-06
     13     -404.892415000926  +1.083e-08  +4.929e-06
     14     -404.892415000933  -7.333e-12  +4.183e-06
     15     -404.892415000935  -1.648e-12  +4.028e-06
     16     -404.892415003586  -2.651e-09  +4.003e-06
     17     -404.892415003587  -5.684e-14  +3.996e-06
     18     -404.892415003587  -5.684e-14  +3.994e-06
     19     -404.892415003437  +1.500e-10  +3.993e-06
     20     -404.892415003437  +0.000e+00  +3.993e-06
     21     -404.892415003437  +0.000e+00  +3.993e-06
  -----------------------------------------------------
  The Davidson-Liu algorithm converged in 22 iterations.
  Davidson-Liu procedure took  0.097853 s
  Time spent diagonalizing H:   1.545219 s

    P-space  CI Energy Root   0        = -305.397278288965 Eh =   0.0000 eV, S^2 = 0.000014


 SigmaVectorDynamic:
 saa_time   : 4.562081e-01
 sbb_time   : 4.489811e-01
 sabab_time : 4.513141e-01

  ==> Finding the Q space <==

  Using BATCH_VEC screening algorithm
  Setting nbin to 1 based on estimated memory ( 3.962 MB)
  Overwriting nbin to 4 based on user input
 -----------------------------------------
                Bin 0
  Build: 0.001623
  Merge: 0.000084
  Inter-thread merge: 0.000547
    Build F                  0.002708 
    Build criteria vector    0.000056
    Screening                0.000166
    Added 73 dets of 5538 from bin 0
                Bin 1
  Build: 0.001436
  Merge: 0.000099
  Inter-thread merge: 0.000514
    Build F                  0.002328 
    Build criteria vector    0.000055
    Screening                0.000208
    Added 136 dets of 5374 from bin 1
                Bin 2
  Build: 0.001491
  Merge: 0.000100
  Inter-thread merge: 0.000535
    Build F                  0.002773 
    Build criteria vector    0.000058
    Screening                0.000159
    Added 194 dets of 5457 from bin 2
                Bin 3
  Build: 0.001504
  Merge: 0.000088
  Inter-thread merge: 0.000519
    Build F                  0.002333 
    Build criteria vector    0.000060
    Screening                0.000164
    Added 250 dets of 5474 from bin 3
 ------------------------------------
  Screened out 0.0004945434 Eh of correlation
  Dimension of the PQ space:                  761
  Dimension of the PQ space (spin-complete) : 858
  Time spent building the model space: 0.012065

  ==> Diagonalizing the Hamiltonian in the P + Q space <==

  Number of reference roots: 1

  SigmaVectorDynamic:
  Maximum memory   : 67108864 double
  Number of threads: 8


  Davidson-Liu solver algorithm using SigmaVectorDynamic sigma algorithm
  Initial guess determinants:         50

  Spin-adaptation of the initial guess based on minimum spin-complete subset
  Initial guess determinants do not form a spin-complete set. 10 determinant(s) missing

  Guess determinants after screening: 42

  Initial guess solutions
  ========================
  Number   2S+1   Selected
  ------------------------
    20       1       *
    19       3        
     3       5        
  ========================

  Setting initial guess and roots to project
  Adding guess 0        2S+1 = 1    E = -404.824026
  Adding guess 1        2S+1 = 1    E = -404.605073
  Projecting out guess  2S+1 = 3    E = -404.678128

  Projecting out 1 solutions

  ==> Diagonalizing Hamiltonian <==

  Energy   convergence: 1.00e-13
  Residual convergence: 1.00e-06
  -----------------------------------------------------
    Iter.      Avg. Energy       Delta_E     Res. Norm
  -----------------------------------------------------
      1     -404.824205787213  -4.048e+02  +2.159e-01
      2     -404.886863340317  -6.266e-02  +8.683e-02
      3     -404.893686426631  -6.823e-03  +3.374e-02
      4     -404.893140187211  +5.462e-04  +1.115e-02
      5     -404.893215636600  -7.545e-05  +4.759e-03
      6     -404.893234586882  -1.895e-05  +1.754e-03
      7     -404.893237068038  -2.481e-06  +6.899e-04
      8     -404.893237456615  -3.886e-07  +3.655e-04
      9     -404.893237564464  -1.078e-07  +1.535e-04
     10     -404.893238250302  -6.858e-07  +4.917e-05
     11     -404.893238252084  -1.782e-09  +2.383e-05
     12     -404.893238252526  -4.421e-10  +1.035e-05
     13     -404.893238273698  -2.117e-08  +5.670e-06
     14     -404.893238273710  -1.131e-11  +4.426e-06
     15     -404.893238273713  -3.183e-12  +4.093e-06
     16     -404.893238278047  -4.334e-09  +4.015e-06
     17     -404.893238278047  -1.137e-13  +4.000e-06
     18     -404.893238278047  +0.000e+00  +3.996e-06
     19     -404.893238278357  -3.103e-10  +3.995e-06
     20     -404.893238278357  +5.684e-14  +3.995e-06
     21     -404.893238278357  +0.000e+00  +3.995e-06
     22     -404.893238278417  -5.952e-11  +3.995e-06
     23     -404.893238278417  +0.000e+00  +3.995e-06
     24     -404.893238278417  +0.000e+00  +3.995e-06
  -----------------------------------------------------
  The Davidson-Liu algorithm converged in 25 iterations.
  Davidson-Liu procedure took  0.118258 s
  Total time spent diagonalizing H:   1.719739 s

    PQ-space CI Energy Root   0        = -305.398101563945 Eh =   0.0000 eV, S^2 = 0.000014
    PQ-space CI Energy + EPT2 Root   0 = -305.399100973055 Eh =   0.0000 eV


 SigmaVectorDynamic:
 saa_time   : 4.939853e-01
 sbb_time   : 4.860548e-01
 sabab_time : 4.875265e-01

  ==> Pruning the Q space <==

  Cycle 2 took: 3.472455 s


  ---------------------------------- Cycle 3 -----------------------------------

  ==> Diagonalizing the Hamiltonian in the P space <==

  Initial P space dimension: 441
  Spin-complete dimension of the P space: 707 determinants

  SigmaVectorDynamic:
  Maximum memory   : 67108864 double
  Number of threads: 8


  Davidson-Liu solver algorithm using SigmaVectorDynamic sigma algorithm
  Initial guess determinants:         50

  Spin-adaptation of the initial guess based on minimum spin-complete subset
  Initial guess determinants do not form a spin-complete set. 10 determinant(s) missing

  Guess determinants after screening: 42

  Initial guess solutions
  ========================
  Number   2S+1   Selected
  ------------------------
    20       1       *
    19       3        
     3       5        
  ========================

  Setting initial guess and roots to project
  Adding guess 0        2S+1 = 1    E = -404.824026
  Adding guess 1        2S+1 = 1    E = -404.605073
  Projecting out guess  2S+1 = 3    E = -404.678128

  Projecting out 1 solutions

  ==> Diagonalizing Hamiltonian <==

  Energy   convergence: 1.00e-13
  Residual convergence: 1.00e-06
  -----------------------------------------------------
    Iter.      Avg. Energy       Delta_E     Res. Norm
  -----------------------------------------------------
      1     -404.824205787213  -4.048e+02  +2.158e-01
      2     -404.886752511368  -6.255e-02  +8.331e-02
      3     -404.893045578806  -6.293e-03  +3.245e-02
      4     -404.892483058231  +5.625e-04  +1.082e-02
      5     -404.892557238347  -7.418e-05  +4.737e-03
      6     -404.892578261465  -2.102e-05  +1.879e-03
      7     -404.892581939186  -3.678e-06  +6.770e-04
      8     -404.892582349834  -4.106e-07  +2.998e-04
      9     -404.892582438804  -8.897e-08  +1.056e-04
     10     -404.892583233261  -7.945e-07  +4.305e-05
     11     -404.892583234599  -1.338e-09  +2.235e-05
     12     -404.892583235050  -4.503e-10  +8.975e-06
     13     -404.892583227244  +7.806e-09  +5.024e-06
     14     -404.892583227252  -7.901e-12  +4.183e-06
     15     -404.892583227254  -1.876e-12  +4.015e-06
     16     -404.892583229968  -2.714e-09  +3.987e-06
     17     -404.892583229968  +0.000e+00  +3.978e-06
     18     -404.892583229968  +0.000e+00  +3.976e-06
     19     -404.892583229854  +1.141e-10  +3.976e-06
     20     -404.892583229854  +5.684e-14  +3.975e-06
     21     -404.892583229854  +5.684e-14  +3.975e-06
  -----------------------------------------------------
  The Davidson-Liu algorithm converged in 22 iterations.
  Davidson-Liu procedure took  0.101572 s
  Time spent diagonalizing H:   1.555337 s

    P-space  CI Energy Root   0        = -305.397446515382 Eh =   0.0000 eV, S^2 = 0.000014


 SigmaVectorDynamic:
 saa_time   : 5.263647e-01
 sbb_time   : 5.181508e-01
 sabab_time : 5.189935e-01

  ==> Finding the Q space <==

  Using BATCH_VEC screening algorithm
  Setting nbin to 1 based on estimated memory ( 4.181 MB)
  Overwriting nbin to 4 based on user input
 -----------------------------------------
                Bin 0
  Build: 0.001742
  Merge: 0.000105
  Inter-thread merge: 0.000508
    Build F                  0.002763 
    Build criteria vector    0.000057
    Screening                0.000167
    Added 70 dets of 5538 from bin 0
                Bin 1
  Build: 0.001584
  Merge: 0.000090
  Inter-thread merge: 0.000531
    Build F                  0.002442 
    Build criteria vector    0.000057
    Screening                0.000161
    Added 127 dets of 5352 from bin 1
                Bin 2
  Build: 0.001580
  Merge: 0.000103
  Inter-thread merge: 0.000543
    Build F                  0.002554 
    Build criteria vector    0.000054
    Screening                0.000165
    Added 178 dets of 5419 from bin 2
                Bin 3
  Build: 0.001567
  Merge: 0.000096
  Inter-thread merge: 0.000530
    Build F                  0.002490 
    Build criteria vector    0.000056
    Screening                0.000159
    Added 232 dets of 5517 from bin 3
 ------------------------------------
  Screened out 0.0004959791 Eh of correlation
  Added 1 missing determinants in aimed selection (find_q_space).
  Dimension of the PQ space:                  784
  Dimension of the PQ space (spin-complete) : 858
  Time spent building the model space: 0.012141

  ==> Diagonalizing the Hamiltonian in the P + Q space <==

  Number of reference roots: 1

  SigmaVectorDynamic:
  Maximum memory   : 67108864 double
  Number of threads: 8


  Davidson-Liu solver algorithm using SigmaVectorDynamic sigma algorithm
  Initial guess determinants:         50

  Spin-adaptation of the initial guess based on minimum spin-complete subset
  Initial guess determinants do not form a spin-complete set. 10 determinant(s) missing

  Guess determinants after screening: 42

  Initial guess solutions
  ========================
  Number   2S+1   Selected
  ------------------------
    20       1       *
    19       3        
     3       5        
  ========================

  Setting initial guess and roots to project
  Adding guess 0        2S+1 = 1    E = -404.824026
  Adding guess 1        2S+1 = 1    E = -404.605073
  Projecting out guess  2S+1 = 3    E = -404.678128

  Projecting out 1 solutions

  ==> Diagonalizing Hamiltonian <==

  Energy   convergence: 1.00e-13
  Residual convergence: 1.00e-06
  -----------------------------------------------------
    Iter.      Avg. Energy       Delta_E     Res. Norm
  -----------------------------------------------------
      1     -404.824205787213  -4.048e+02  +2.159e-01
      2     -404.886863340317  -6.266e-02  +8.683e-02
      3     -404.893686426631  -6.823e-03  +3.374e-02
      4     -404.893140187211  +5.462e-04  +1.115e-02
      5     -404.893215636600  -7.545e-05  +4.759e-03
      6     -404.893234586882  -1.895e-05  +1.754e-03
      7     -404.893237068039  -2.481e-06  +6.899e-04
      8     -404.893237456616  -3.886e-07  +3.655e-04
      9     -404.893237564464  -1.078e-07  +1.535e-04
     10     -404.893238250302  -6.858e-07  +4.917e-05
     11     -404.893238252084  -1.782e-09  +2.383e-05
     12     -404.893238252526  -4.421e-10  +1.035e-05
     13     -404.893238273698  -2.117e-08  +5.670e-06
     14     -404.893238273710  -1.137e-11  +4.426e-06
     15     -404.893238273713  -3.183e-12  +4.093e-06
     16     -404.893238278047  -4.334e-09  +4.015e-06
     17     -404.893238278047  -5.684e-14  +4.000e-06
     18     -404.893238278047  -5.684e-14  +3.996e-06
     19     -404.893238278357  -3.103e-10  +3.995e-06
     20     -404.893238278357  -5.684e-14  +3.995e-06
     21     -404.893238278357  +1.137e-13  +3.995e-06
     22     -404.893238278417  -5.946e-11  +3.995e-06
     23     -404.893238278417  +0.000e+00  +3.995e-06
     24     -404.893238278417  +0.000e+00  +3.995e-06
  -----------------------------------------------------
  The Davidson-Liu algorithm converged in 25 iterations.
  Davidson-Liu procedure took  0.121470 s
  Total time spent diagonalizing H:   1.663602 s

    PQ-space CI Energy Root   0        = -305.398101563945 Eh =   0.0000 eV, S^2 = 0.000014
    PQ-space CI Energy + EPT2 Root   0 = -305.399101184436 Eh =   0.0000 eV


 SigmaVectorDynamic:
 saa_time   : 5.643491e-01
 sbb_time   : 5.560826e-01
 sabab_time : 5.568638e-01
  ***** Calculation Converged *****

  ==> ACI Natural Orbitals <==

        1A      1.955970      2A      1.940542      3A      1.907801  
        4A      1.836163      5A      0.166583      6A      0.092235  
        7A      0.058190      8A      0.042516  

  ==> Excited state solver summary <==

  Iterations required:                         3
  Dimension of optimized determinant space:    858

  * Selected-CI Energy Root   0        = -305.398101563945 Eh =   0.0000 eV
  * Selected-CI Energy Root   0 + EPT2 = -305.399101184436 Eh =   0.0000 eV

  ==> Wavefunction Information <==

  Most important contributions to root   0:
    0   0.910046 0.828183992         440 |22220000>
    1  -0.184373 0.033993272         439 |22202000>
    2   0.092257 0.008511321         438 |22-++-00>
    3   0.092247 0.008509587         437 |22+--+00>
    4  -0.077569 0.006016905         436 |22020200>
    5  -0.066696 0.004448354         435 |2-2++0-0>
    6  -0.066684 0.004446726         434 |2+2--0+0>
    7   0.064860 0.004206838         433 |22+-+-00>
    8   0.064859 0.004206694         432 |22-+-+00>
    9   0.064660 0.004180909         431 |+22--00+>

  Saving information for root: 0

  ==> Energy Summary <==

    Multi.(2ms)  Irrep.  No.               Energy      <S^2>
    --------------------------------------------------------
       1  (  0)     A     0     -305.398101563945   0.000014
    --------------------------------------------------------

  => THREE-DSRG-MRPT2 Reference Relaxation Energy Summary <=

                         Fixed Ref. (a.u.)              Relaxed Ref. (a.u.)
           -------------------------------  -------------------------------
    Iter.          Total Energy      Delta          Total Energy      Delta
    -----------------------------------------------------------------------
        1     -305.390029652116 -3.054e+02     -305.398101563945 -3.054e+02
    -----------------------------------------------------------------------

  ==> Total Timings (s) for Computing Commutators <==

             [H1, T1]    [H1, T2]    [H2, T1]    [H2, T2]
    -----------------------------------------------------
    -> C0       0.001       0.003       0.002       0.036
    -> C1       0.000       0.003       0.003       0.057
    -> C2                   0.004       0.005       0.031
    -----------------------------------------------------


  Time to prepare integrals:        0.541 seconds
  Time to run job          :       31.801 seconds
  Total                    :       32.342 seconds
    ACI-DSRG-MRPT2 fixed energy...........................................................PASSED
    ACI-DSRG-MRPT2 relaxed energy.........................................................PASSED

    Psi4 stopped on: Friday, 30 July 2021 07:38PM
    Psi4 wall time for execution: 0:00:33.99

*** Psi4 exiting successfully. Buy a developer a beer!
